******************************************************************************
                  TI ARM Linker PC v20.2.7                     
******************************************************************************
>> Linked Sun Sep 10 15:47:00 2023

OUTPUT FILE NAME:   <GPT.out>
ENTRY POINT SYMBOL: "_c_int00_noinit_noargs"  address: 00000f25


MEMORY CONFIGURATION

         name            origin    length      used     unused   attr    fill
----------------------  --------  ---------  --------  --------  ----  --------
  FLASH                 00000000   00040000  00000f64  0003f09c  R  X
  SRAM                  20000000   00008000  00000200  00007e00  RW X


SEGMENT ALLOCATION MAP

run origin  load origin   length   init length attrs members
----------  ----------- ---------- ----------- ----- -------
00000000    00000000    00000f64   00000f64    r-x
  00000000    00000000    0000026c   0000026c    r-- .intvecs
  0000026c    0000026c    00000cf8   00000cf8    r-x .text
20000000    20000000    00000200   00000000    rw-
  20000000    20000000    00000200   00000000    rw- .stack


SECTION ALLOCATION MAP

 output                                  attributes/
section   page    origin      length       input sections
--------  ----  ----------  ----------   ----------------
.intvecs   0    00000000    0000026c     
                  00000000    0000026c     tm4c123gh6pm_startup_ccs.obj (.intvecs)

.text      0    0000026c    00000cf8     
                  0000026c    00000b8c     GPIO_Program.obj (.text)
                  00000df8    000000cc     main.obj (.text)
                  00000ec4    00000060     Timer_Program.obj (.text)
                  00000f24    0000002c     rtsv7M4_T_le_v4SPD16_eabi.lib : boot_cortex_m.c.obj (.text:_c_int00_noinit_noargs:_c_int00_noinit_noargs)
                  00000f50    0000000c     tm4c123gh6pm_startup_ccs.obj (.text)
                  00000f5c    00000004     rtsv7M4_T_le_v4SPD16_eabi.lib : pre_init.c.obj (.text:_system_pre_init)
                  00000f60    00000004                                   : exit.c.obj (.text:abort:abort)

.cinit     0    00000000    00000000     UNINITIALIZED

.init_array 
*          0    00000000    00000000     UNINITIALIZED

.stack     0    20000000    00000200     UNINITIALIZED
                  20000000    00000004     rtsv7M4_T_le_v4SPD16_eabi.lib : boot_cortex_m.c.obj (.stack)
                  20000004    000001fc     --HOLE--

__llvm_prf_cnts 
*          0    20000000    00000000     UNINITIALIZED

MODULE SUMMARY

       Module                         code   ro data   rw data
       ------                         ----   -------   -------
    .\
       GPIO_Program.obj               2956   0         0      
       tm4c123gh6pm_startup_ccs.obj   12     620       0      
       main.obj                       204    0         0      
       Timer_Program.obj              96     0         0      
    +--+------------------------------+------+---------+---------+
       Total:                         3268   620       0      
                                                              
    C:\ti\ccs1240\ccs\tools\compiler\ti-cgt-arm_20.2.7.LTS\lib\rtsv7M4_T_le_v4SPD16_eabi.lib
       boot_cortex_m.c.obj            44     0         0      
       exit.c.obj                     4      0         0      
       pre_init.c.obj                 4      0         0      
    +--+------------------------------+------+---------+---------+
       Total:                         52     0         0      
                                                              
       Stack:                         0      0         512    
    +--+------------------------------+------+---------+---------+
       Grand Total:                   3320   620       512    


GLOBAL SYMBOLS: SORTED ALPHABETICALLY BY Name 

address   name                     
-------   ----                     
00000f61  C$$EXIT                  
000005b1  GPIO_u8GetPinValue       
000007c9  GPIO_u8GetPortValue      
000002e5  GPIO_voidSetPinDirection 
000008ed  GPIO_voidSetPinPullDown  
00000851  GPIO_voidSetPinPullUp    
00000421  GPIO_voidSetPinValue     
00000675  GPIO_voidSetPortDirection
00000845  GPIO_voidSetPortPullDown 
00000839  GPIO_voidSetPortPullUp   
0000073f  GPIO_voidSetPortValue    
000009a1  GPIO_voidTogglePinValue  
0000026d  GPIO_void_Init           
00000a85  Interrupt_Edge_InitPin   
00000e7d  Intimer0fHandler         
00000e95  PORTF_Interrupt          
00000f51  ResetISR                 
00000ec5  Timer_voidInit           
20000200  __STACK_END              
00000200  __STACK_SIZE             
20000200  __STACK_TOP              
ffffffff  __TI_pprof_out_hndl      
ffffffff  __TI_prof_data_size      
ffffffff  __TI_prof_data_start     
00000000  __TI_static_base__       
ffffffff  __binit__                
ffffffff  __c_args__               
UNDEFED   __mpu_init               
20000000  __stack                  
20000000  __start___llvm_prf_cnts  
20000000  __stop___llvm_prf_cnts   
00000f25  _c_int00_noinit_noargs   
00000f5d  _system_pre_init         
00000f61  abort                    
ffffffff  binit                    
00000000  g_pfnVectors             
00000dfb  main                     


GLOBAL SYMBOLS: SORTED BY Symbol Address 

address   name                     
-------   ----                     
00000000  __TI_static_base__       
00000000  g_pfnVectors             
00000200  __STACK_SIZE             
0000026d  GPIO_void_Init           
000002e5  GPIO_voidSetPinDirection 
00000421  GPIO_voidSetPinValue     
000005b1  GPIO_u8GetPinValue       
00000675  GPIO_voidSetPortDirection
0000073f  GPIO_voidSetPortValue    
000007c9  GPIO_u8GetPortValue      
00000839  GPIO_voidSetPortPullUp   
00000845  GPIO_voidSetPortPullDown 
00000851  GPIO_voidSetPinPullUp    
000008ed  GPIO_voidSetPinPullDown  
000009a1  GPIO_voidTogglePinValue  
00000a85  Interrupt_Edge_InitPin   
00000dfb  main                     
00000e7d  Intimer0fHandler         
00000e95  PORTF_Interrupt          
00000ec5  Timer_voidInit           
00000f25  _c_int00_noinit_noargs   
00000f51  ResetISR                 
00000f5d  _system_pre_init         
00000f61  C$$EXIT                  
00000f61  abort                    
20000000  __stack                  
20000000  __start___llvm_prf_cnts  
20000000  __stop___llvm_prf_cnts   
20000200  __STACK_END              
20000200  __STACK_TOP              
ffffffff  __TI_pprof_out_hndl      
ffffffff  __TI_prof_data_size      
ffffffff  __TI_prof_data_start     
ffffffff  __binit__                
ffffffff  __c_args__               
ffffffff  binit                    
UNDEFED   __mpu_init               

[37 symbols]
