******************************************************************************
                  TI ARM Linker PC v20.2.7                     
******************************************************************************
>> Linked Fri Oct  6 21:58:24 2023

OUTPUT FILE NAME:   <Autonomous_Car_RTOS.out>
ENTRY POINT SYMBOL: "_c_int00_noargs"  address: 000097e9


MEMORY CONFIGURATION

         name            origin    length      used     unused   attr    fill
----------------------  --------  ---------  --------  --------  ----  --------
  FLASH                 00000000   00040000  00009b68  00036498  R  X
  SRAM                  20000000   00008000  000054a6  00002b5a  RW X


SEGMENT ALLOCATION MAP

run origin  load origin   length   init length attrs members
----------  ----------- ---------- ----------- ----- -------
00000000    00000000    00009b68   00009b68    r-x
  00000000    00000000    0000026c   0000026c    r-- .intvecs
  0000026c    0000026c    0000970c   0000970c    r-x .text
  00009978    00009978    00000178   00000178    r-- .const
  00009af0    00009af0    00000078   00000078    r-- .cinit
20000000    20000000    000054a7   00000000    rw-
  20000000    20000000    00005207   00000000    rw- .bss
  20005208    20005208    00000200   00000000    rw- .stack
  20005408    20005408    0000009f   00000000    rw- .data


SECTION ALLOCATION MAP

 output                                  attributes/
section   page    origin      length       input sections
--------  ----  ----------  ----------   ----------------
.intvecs   0    00000000    0000026c     
                  00000000    0000026c     tm4c123gh6pm_startup_ccs.obj (.intvecs)

.text      0    0000026c    0000970c     
                  0000026c    00001d1c     tasks.obj (.text)
                  00001f88    00001d14     Tiva_GPTM_Timers.obj (.text)
                  00003c9c    00000f2c     Tiva_DIO.obj (.text)
                  00004bc8    00000bd0     queue.obj (.text)
                  00005798    00000a4e     rtsv7M4_T_le_v4SPD16_eabi.lib : _printfi.c.obj (.text:__TI_printfi)
                  000061e6    00000002                                   : div0.asm.obj (.text)
                  000061e8    000006c8     timers.obj (.text)
                  000068b0    00000570     ADC.obj (.text)
                  00006e20    000004f6     LCD_Driver.obj (.text)
                  00007316    00000002     --HOLE-- [fill = 0]
                  00007318    00000378     app.obj (.text)
                  00007690    00000284     port.obj (.text)
                  00007914    00000270     rtsv7M4_T_le_v4SPD16_eabi.lib : _printfi.c.obj (.text:_pconv_a)
                  00007b84    00000208     DC_motor.obj (.text)
                  00007d8c    000001d0     rtsv7M4_T_le_v4SPD16_eabi.lib : _printfi.c.obj (.text:_pconv_g)
                  00007f5c    000001c0     heap_2.obj (.text)
                  0000811c    000001b6     rtsv7M4_T_le_v4SPD16_eabi.lib : fd_add_t2.asm.obj (.text)
                  000082d2    00000002     --HOLE-- [fill = 0]
                  000082d4    0000015c     Sensor.obj (.text)
                  00008430    0000013c     rtsv7M4_T_le_v4SPD16_eabi.lib : _printfi.c.obj (.text:_pconv_e)
                  0000856c    00000136                                   : fd_div_t2.asm.obj (.text)
                  000086a2    0000012a     list.obj (.text)
                  000087cc    00000128     main.obj (.text)
                  000088f4    00000124     rtsv7M4_T_le_v4SPD16_eabi.lib : _printfi.c.obj (.text:fcvt)
                  00008a18    00000118     driverlib.lib : sysctl.obj (.text:SysCtlClockGet)
                  00008b30    00000110     rtsv7M4_T_le_v4SPD16_eabi.lib : s_scalbn.c.obj (.text:scalbn)
                  00008c40    000000fc                                   : fd_mul_t2.asm.obj (.text)
                  00008d3c    000000d2     portasm.obj (.text)
                  00008e0e    00000002     --HOLE-- [fill = 0]
                  00008e10    000000d0     ultraSonic.obj (.text)
                  00008ee0    000000bc     cpu_usage.obj (.text)
                  00008f9c    000000b1     rtsv7M4_T_le_v4SPD16_eabi.lib : _printfi.c.obj (.text:_ltostr)
                  0000904d    00000001     --HOLE-- [fill = 0]
                  0000904e    0000009c                                   : memcpy_t2.asm.obj (.text)
                  000090ea    00000096                                   : ull_div_t2.asm.obj (.text)
                  00009180    00000086                                   : fd_cmp_t2.asm.obj (.text:__aeabi_cdcmple)
                  00009206    00000086                                   : fd_cmp_t2.asm.obj (.text:__aeabi_cdrcmple)
                  0000928c    0000007a                                   : memset_t2.asm.obj (.text)
                  00009306    0000006e                                   : _printfi.c.obj (.text:_mcpy)
                  00009374    00000068                                   : copy_decompress_lzss.c.obj (.text:decompress:lzss:__TI_decompress_lzss)
                  000093dc    00000064                                   : s_frexp.c.obj (.text:frexp)
                  00009440    00000060     driverlib.lib : timer.obj (.text:TimerConfigure)
                  000094a0    00000056     rtsv7M4_T_le_v4SPD16_eabi.lib : _printfi.c.obj (.text:_pconv_f)
                  000094f6    00000054                                   : _ltoa.c.obj (.text:__TI_ltoa)
                  0000954a    00000052                                   : _printfi.c.obj (.text:_ecpy)
                  0000959c    0000004c                                   : atoi.c.obj (.text:atoi)
                  000095e8    00000048     driverlib.lib : sysctl.obj (.text:SysCtlPeripheralClockGating)
                  00009630    00000048     rtsv7M4_T_le_v4SPD16_eabi.lib : fd_toi_t2.asm.obj (.text)
                  00009678    00000044                                   : autoinit.c.obj (.text:__TI_auto_init_nobinit_nopinit:__TI_auto_init_nobinit_nopinit)
                  000096bc    00000044                                   : fd_tou_t2.asm.obj (.text)
                  00009700    00000040                                   : sprintf.c.obj (.text:sprintf)
                  00009740    0000003e                                   : _printfi.c.obj (.text:_fcpy)
                  0000977e    00000002     --HOLE-- [fill = 0]
                  00009780    00000034     driverlib.lib : sysctl.obj (.text:SysCtlPeripheralEnable)
                  000097b4    00000034                   : sysctl.obj (.text:SysCtlPeripheralSleepDisable)
                  000097e8    00000034     rtsv7M4_T_le_v4SPD16_eabi.lib : boot_cortex_m.c.obj (.text:_c_int00_noargs:_c_int00_noargs)
                  0000981c    0000002e                                   : i_tofd_t2.asm.obj (.text)
                  0000984a    00000020                                   : u_tofd_t2.asm.obj (.text)
                  0000986a    0000001c                                   : memccpy.c.obj (.text:memccpy)
                  00009886    0000001a                                   : s_copysign.c.obj (.text:copysign)
                  000098a0    00000018                                   : sprintf.c.obj (.text:_outs)
                  000098b8    00000016                                   : strchr.c.obj (.text:strchr)
                  000098ce    00000014                                   : strcpy.c.obj (.text:strcpy)
                  000098e2    00000014                                   : strlen.c.obj (.text:strlen)
                  000098f6    00000012     driverlib.lib : timer.obj (.text:TimerLoadSet)
                  00009908    00000012     rtsv7M4_T_le_v4SPD16_eabi.lib : wcslen.c.obj (.text:wcslen)
                  0000991a    0000000e     driverlib.lib : timer.obj (.text:TimerEnable)
                  00009928    0000000e     rtsv7M4_T_le_v4SPD16_eabi.lib : copy_decompress_none.c.obj (.text:decompress:none:__TI_decompress_none)
                  00009936    0000000c                                   : copy_zero_init.c.obj (.text:decompress:ZI:__TI_zero_init)
                  00009942    0000000c     tm4c123gh6pm_startup_ccs.obj (.text)
                  0000994e    0000000a     driverlib.lib : timer.obj (.text:TimerValueGet)
                  00009958    0000000a     rtsv7M4_T_le_v4SPD16_eabi.lib : sprintf.c.obj (.text:_outc)
                  00009962    00000002     --HOLE-- [fill = 0]
                  00009964    00000008                                   : errno.c.obj (.text:__aeabi_errno_addr)
                  0000996c    00000004     driverlib.lib : cpu.obj (.text:CPUwfi)
                  00009970    00000004     rtsv7M4_T_le_v4SPD16_eabi.lib : pre_init.c.obj (.text:_system_pre_init)
                  00009974    00000004                                   : exit.c.obj (.text:abort:abort)

.const     0    00009978    00000178     
                  00009978    00000101     rtsv7M4_T_le_v4SPD16_eabi.lib : ctype.c.obj (.const:.string:_ctypes_)
                  00009a79    00000003     --HOLE-- [fill = 0]
                  00009a7c    0000006c     driverlib.lib : sysctl.obj (.const:g_pui32Xtals)
                  00009ae8    00000008     port.obj (.const)

.cinit     0    00009af0    00000078     
                  00009af0    00000052     (.cinit..data.load) [load image, compression = lzss]
                  00009b42    00000002     --HOLE-- [fill = 0]
                  00009b44    0000000c     (__TI_handler_table)
                  00009b50    00000008     (.cinit..bss.load) [load image, compression = zero_init]
                  00009b58    00000010     (__TI_cinit_table)

.init_array 
*          0    00000000    00000000     UNINITIALIZED

.bss       0    20000000    00005207     UNINITIALIZED
                  20000000    00005000     heap_2.obj (.bss:ucHeap)
                  20005000    00000140     tasks.obj (.bss:pxReadyTasksLists)
                  20005140    00000014     timers.obj (.bss:xActiveTimerList1)
                  20005154    00000014     timers.obj (.bss:xActiveTimerList2)
                  20005168    00000014     tasks.obj (.bss:xDelayedTaskList1)
                  2000517c    00000014     tasks.obj (.bss:xDelayedTaskList2)
                  20005190    00000014     tasks.obj (.bss:xPendingReadyList)
                  200051a4    00000014     tasks.obj (.bss:xSuspendedTaskList)
                  200051b8    00000014     tasks.obj (.bss:xTasksWaitingTermination)
                  200051cc    0000000c     cpu_usage.obj (.bss)
                  200051d8    00000008     tasks.obj (.bss)
                  200051e0    00000008     timers.obj (.bss)
                  200051e8    00000008     heap_2.obj (.bss:xEnd)
                  200051f0    00000008     heap_2.obj (.bss:xStart)
                  200051f8    00000004     (.common:g_ui32CPUUsage)
                  200051fc    00000004     (.common:ldr_Diff_Queue)
                  20005200    00000004     (.common:ultrasonic_Queue)
                  20005204    00000002     ultraSonic.obj (.bss)
                  20005206    00000001     (.common:elapsed_time_S)

.data      0    20005408    0000009f     UNINITIALIZED
                  20005408    00000030     tasks.obj (.data)
                  20005438    00000018     cpu_usage.obj (.data:g_pui32CPUUsageTimerBase)
                  20005450    00000018     cpu_usage.obj (.data:g_pui32CPUUsageTimerPeriph)
                  20005468    0000000e     ultraSonic.obj (.data:GPTM_EdgeTimer)
                  20005476    0000000e     app.obj (.data:GPTM_Timer0)
                  20005484    0000000c     port.obj (.data)
                  20005490    00000008     heap_2.obj (.data)
                  20005498    00000008     timers.obj (.data)
                  200054a0    00000004     rtsv7M4_T_le_v4SPD16_eabi.lib : errno.c.obj (.data)
                  200054a4    00000002     app.obj (.data)
                  200054a6    00000001     main.obj (.data)

.stack     0    20005208    00000200     UNINITIALIZED
                  20005208    00000004     rtsv7M4_T_le_v4SPD16_eabi.lib : boot_cortex_m.c.obj (.stack)
                  2000520c    000001fc     --HOLE--

__llvm_prf_cnts 
*          0    20000000    00000000     UNINITIALIZED

MODULE SUMMARY

       Module                         code    ro data   rw data
       ------                         ----    -------   -------
    .\
       tasks.obj                      7452    0         476    
       queue.obj                      3024    0         0      
       timers.obj                     1736    0         56     
       tm4c123gh6pm_startup_ccs.obj   12      620       0      
       main.obj                       296     0         5      
       list.obj                       298     0         0      
    +--+------------------------------+-------+---------+---------+
       Total:                         12818   620       537    
                                                               
    .\HAL\DC_motor\
       DC_motor.obj                   520     0         0      
    +--+------------------------------+-------+---------+---------+
       Total:                         520     0         0      
                                                               
    .\HAL\LCD_Driver\
       LCD_Driver.obj                 1270    0         0      
    +--+------------------------------+-------+---------+---------+
       Total:                         1270    0         0      
                                                               
    .\HAL\Sensors\
       Sensor.obj                     348     0         0      
    +--+------------------------------+-------+---------+---------+
       Total:                         348     0         0      
                                                               
    .\HAL\ultraSonic\
       ultraSonic.obj                 208     0         16     
    +--+------------------------------+-------+---------+---------+
       Total:                         208     0         16     
                                                               
    .\MCAL\Tiva_ADC\
       ADC.obj                        1392    0         0      
    +--+------------------------------+-------+---------+---------+
       Total:                         1392    0         0      
                                                               
    .\MCAL\Tiva_DIO\
       Tiva_DIO.obj                   3884    0         0      
    +--+------------------------------+-------+---------+---------+
       Total:                         3884    0         0      
                                                               
    .\MCAL\Tiva_GPTM_Timers\
       Tiva_GPTM_Timers.obj           7444    0         0      
    +--+------------------------------+-------+---------+---------+
       Total:                         7444    0         0      
                                                               
    .\app\
       app.obj                        888     0         25     
    +--+------------------------------+-------+---------+---------+
       Total:                         888     0         25     
                                                               
    .\portable\CCS\ARM_CM4F\
       port.obj                       644     8         12     
       portasm.obj                    210     0         0      
    +--+------------------------------+-------+---------+---------+
       Total:                         854     8         12     
                                                               
    .\portable\MemMang\
       heap_2.obj                     448     0         20504  
    +--+------------------------------+-------+---------+---------+
       Total:                         448     0         20504  
                                                               
    .\utils\
       cpu_usage.obj                  188     0         60     
    +--+------------------------------+-------+---------+---------+
       Total:                         188     0         60     
                                                               
    C:/ti/TivaWare_C_Series-2.2.0.295/driverlib/ccs/Debug/driverlib.lib
       sysctl.obj                     456     108       0      
       timer.obj                      138     0         0      
       cpu.obj                        4       0         0      
    +--+------------------------------+-------+---------+---------+
       Total:                         598     108       0      
                                                               
    C:\ti\ccs1240\ccs\tools\compiler\ti-cgt-arm_20.2.7.LTS\lib\rtsv7M4_T_le_v4SPD16_eabi.lib
       _printfi.c.obj                 4851    0         0      
       fd_add_t2.asm.obj              438     0         0      
       fd_div_t2.asm.obj              310     0         0      
       s_scalbn.c.obj                 272     0         0      
       fd_cmp_t2.asm.obj              268     0         0      
       ctype.c.obj                    0       257       0      
       fd_mul_t2.asm.obj              252     0         0      
       memcpy_t2.asm.obj              156     0         0      
       ull_div_t2.asm.obj             150     0         0      
       memset_t2.asm.obj              122     0         0      
       copy_decompress_lzss.c.obj     104     0         0      
       s_frexp.c.obj                  100     0         0      
       sprintf.c.obj                  98      0         0      
       _ltoa.c.obj                    84      0         0      
       atoi.c.obj                     76      0         0      
       fd_toi_t2.asm.obj              72      0         0      
       autoinit.c.obj                 68      0         0      
       fd_tou_t2.asm.obj              68      0         0      
       boot_cortex_m.c.obj            52      0         0      
       i_tofd_t2.asm.obj              46      0         0      
       u_tofd_t2.asm.obj              32      0         0      
       memccpy.c.obj                  28      0         0      
       s_copysign.c.obj               26      0         0      
       strchr.c.obj                   22      0         0      
       strcpy.c.obj                   20      0         0      
       strlen.c.obj                   20      0         0      
       wcslen.c.obj                   18      0         0      
       copy_decompress_none.c.obj     14      0         0      
       copy_zero_init.c.obj           12      0         0      
       errno.c.obj                    8       0         4      
       exit.c.obj                     4       0         0      
       pre_init.c.obj                 4       0         0      
       div0.asm.obj                   2       0         0      
    +--+------------------------------+-------+---------+---------+
       Total:                         7797    257       4      
                                                               
       Stack:                         0       0         512    
       Linker Generated:              0       118       0      
    +--+------------------------------+-------+---------+---------+
       Grand Total:                   38657   1111      21670  


LINKER GENERATED COPY TABLES

__TI_cinit_table @ 00009b58 records: 2, size/record: 8, table size: 16
	.data: load addr=00009af0, load size=00000052 bytes, run addr=20005408, run size=0000009f bytes, compression=lzss
	.bss: load addr=00009b50, load size=00000008 bytes, run addr=20000000, run size=00005207 bytes, compression=zero_init


LINKER GENERATED HANDLER TABLE

__TI_handler_table @ 00009b44 records: 3, size/record: 4, table size: 12
	index: 0, handler: __TI_decompress_lzss
	index: 1, handler: __TI_decompress_none
	index: 2, handler: __TI_zero_init


GLOBAL SYMBOLS: SORTED ALPHABETICALLY BY Name 

address   name                             
-------   ----                             
00006afd  ADC_Init                         
000082d5  ADC_Init_Temperature             
000069a9  ADC_Read                         
000068b1  ADC_sequencer_EN                 
00009975  C$$EXIT                          
00008f19  CPUUsageInit                     
00008ee1  CPUUsageTick                     
0000996d  CPUwfi                           
00003df1  ClearDataBIT                     
00004079  DIO_InitPin                      
00003f45  DIO_PORT_Init                    
00004575  DIO_ReadPin                      
00004669  DIO_TogglePin                    
00004419  DIO_WritePin                     
00004725  DIO_WritePort                    
0000737f  GPIOFIntHandler                  
00002d81  GPTM_CCP_PinInit                 
0000211d  GPTM_Disable                     
20005468  GPTM_EdgeTimer                   
0000203f  GPTM_Enable                      
00002255  GPTM_Init                        
000039bd  GPTM_PWM_Duty_Cycle              
00003c21  GPTM_PWM_Freq_KHZ                
000037c5  GPTM_PWM_PinInit                 
000032dd  GPTM_PWM_init                    
00002ca5  GPTM_TAILR_Value_Loud            
20005476  GPTM_Timer0                      
00001f89  GPTM_capture_read                
00007319  Int_Timer0_Handler               
000047a9  Interrupt_Edge_InitPin           
000071b3  LCD_Clear                        
000073f3  LCD_Display                      
00006fbd  LCD_Init                         
000071bd  LCD_SetCursor                    
00007085  LCD_WriteChar                    
00006e21  LCD_WriteCommand                 
00006eef  LCD_WriteData                    
000070c5  LCD_WriteNumber                  
00007167  LCD_WriteNumberInBinary          
000072c1  LCD_WriteNumber_2D               
00007269  LCD_WriteNumber_3D               
000071f1  LCD_WriteNumber_4D               
00007095  LCD_WriteString                  
000083c5  LDR_Left_Init                    
000083e3  LDR_Left_Read                    
000083b5  LDR_Right_Init                   
000083d5  LDR_Right_Read                   
00003e8f  ReadDataBIT                      
00009943  ResetISR                         
00008a19  SysCtlClockGet                   
000095e9  SysCtlPeripheralClockGating      
00009781  SysCtlPeripheralEnable           
000097b5  SysCtlPeripheralSleepDisable     
0000996d  SysCtlSleep                      
000074cd  Task_1_LDR                       
00007515  Task_2_LCD_Display               
0000756f  Task_3_UltraSonic                
000075b5  Task_4_MOTORS                    
0000833d  Temperature_Read                 
00002e59  TimerA_Capture_PulseWidth        
00009441  TimerConfigure                   
0000991b  TimerEnable                      
000098f7  TimerLoadSet                     
0000994f  TimerValueGet                    
00007c01  Turn_OtherDirection              
00007bb9  Turn_oneDirection                
00003c9d  WriteDataBIT                     
00003d5b  WriteDataBITS                    
20005408  __STACK_END                      
00000200  __STACK_SIZE                     
20005408  __STACK_TOP                      
00009b58  __TI_CINIT_Base                  
00009b68  __TI_CINIT_Limit                 
00009b44  __TI_Handler_Table_Base          
00009b50  __TI_Handler_Table_Limit         
00009679  __TI_auto_init_nobinit_nopinit   
00009375  __TI_decompress_lzss             
00009929  __TI_decompress_none             
000094f7  __TI_ltoa                        
ffffffff  __TI_pprof_out_hndl              
00005799  __TI_printfi                     
ffffffff  __TI_prof_data_size              
ffffffff  __TI_prof_data_start             
00000000  __TI_static_base__               
00009937  __TI_zero_init                   
00009181  __aeabi_cdcmpeq                  
00009181  __aeabi_cdcmple                  
00009207  __aeabi_cdrcmple                 
00009631  __aeabi_d2iz                     
000096bd  __aeabi_d2uiz                    
00008127  __aeabi_dadd                     
0000856d  __aeabi_ddiv                     
00008c41  __aeabi_dmul                     
0000811d  __aeabi_dsub                     
00009965  __aeabi_errno_addr               
0000981d  __aeabi_i2d                      
000061e7  __aeabi_idiv0                    
000061e7  __aeabi_ldiv0                    
0000928d  __aeabi_memclr                   
0000928d  __aeabi_memclr4                  
0000928d  __aeabi_memclr8                  
0000904f  __aeabi_memcpy                   
0000904f  __aeabi_memcpy4                  
0000904f  __aeabi_memcpy8                  
0000928f  __aeabi_memset                   
0000928f  __aeabi_memset4                  
0000928f  __aeabi_memset8                  
0000984b  __aeabi_ui2d                     
000090eb  __aeabi_uldivmod                 
ffffffff  __binit__                        
ffffffff  __c_args__                       
UNDEFED   __mpu_init                       
20005208  __stack                          
20000000  __start___llvm_prf_cnts          
20000000  __stop___llvm_prf_cnts           
000097e9  _c_int00_noargs                  
00009978  _ctypes_                         
00004abf  _delay_ms                        
00004b09  _delay_us                        
UNDEFED   _system_post_cinit               
00009971  _system_pre_init                 
00009975  abort                            
0000959d  atoi                             
ffffffff  binit                            
00007d57  car_Stop                         
00009887  copysign                         
00009887  copysignl                        
20005206  elapsed_time_S                   
200054a0  errno                            
000093dd  frexp                            
000093dd  frexpl                           
00000000  g_pfnVectors                     
200051f8  g_ui32CPUUsage                   
00008b31  ldexp                            
00008b31  ldexpl                           
200051fc  ldr_Diff_Queue                   
00008801  main                             
0000986b  memccpy                          
0000904f  memcpy                           
00009295  memset                           
00007b85  motors_Init                      
00007d1f  move_Backward                    
00007ce7  move_Forward                     
00000be9  pcTaskGetTaskName                
00006325  pcTimerGetTimerName              
00007f5d  pvPortMalloc                     
00001a33  pvTaskIncrementMutexHeldCount    
000067bf  pvTimerGetTimerID                
20005408  pxCurrentTCB                     
00007691  pxPortInitialiseStack            
00008b31  scalbn                           
00008b31  scalbnl                          
00009701  sprintf                          
200054a4  start_flag                       
000098b9  strchr                           
000098cf  strcpy                           
000098e3  strlen                           
0000744f  system_config                    
200054a5  toggle                           
00007c35  turn_Car                         
00005511  ucQueueGetQueueType              
00009ae8  ulMaxSyscallInterruptPriority    
00008d4d  ulPortGetIPSR                    
00001a51  ulTaskNotifyTake                 
00008e11  ultraSonic_Init                  
00008e85  ultraSonic_Read_CM               
20005200  ultrasonic_Queue                 
00008785  uxListRemove                     
000054f1  uxQueueGetQueueNumber            
00005449  uxQueueMessagesWaiting           
000054a7  uxQueueMessagesWaitingFromISR    
00005473  uxQueueSpacesAvailable           
00000be3  uxTaskGetNumberOfTasks           
0000166d  uxTaskGetStackHighWaterMark      
00000c25  uxTaskGetSystemState             
000012b9  uxTaskGetTaskNumber              
00000611  uxTaskPriorityGet                
00000639  uxTaskPriorityGetFromISR         
00001a11  uxTaskResetEventItemValue        
000087f7  vApplicationIdleHook             
000087ff  vApplicationMallocFailedHook     
000087cd  vApplicationStackOverflowHook    
000087d7  vApplicationTickHook             
000086a3  vListInitialise                  
000086d3  vListInitialiseItem              
0000871f  vListInsert                      
000086e3  vListInsertEnd                   
00008e01  vPortEnableVFP                   
000077ad  vPortEndScheduler                
000077d1  vPortEnterCritical               
00007813  vPortExitCritical                
0000805d  vPortFree                        
000080c1  vPortInitialiseBlocks            
00008dc5  vPortSVCHandler                  
00007865  vPortSetupTimerInterrupt         
00008de5  vPortStartFirstTask              
00007881  vPortValidateInterruptPriority   
000054cd  vQueueDelete                     
000054ff  vQueueSetQueueNumber             
00005745  vQueueWaitForMessageRestricted   
0000058d  vTaskDelay                       
00000489  vTaskDelayUntil                  
000003d1  vTaskDelete                      
00000a95  vTaskEndScheduler                
00001921  vTaskList                        
000012a9  vTaskMissedYield                 
00001e5b  vTaskNotifyGiveFromISR           
00000f05  vTaskPlaceOnEventList            
00001025  vTaskPlaceOnEventListRestricted  
00000f81  vTaskPlaceOnUnorderedEventList   
00001745  vTaskPriorityInherit             
00000689  vTaskPrioritySet                 
000008dd  vTaskResume                      
000012d9  vTaskSetTaskNumber               
000011d9  vTaskSetTimeOutState             
00000a1d  vTaskStartScheduler              
000007b5  vTaskSuspend                     
00000ab5  vTaskSuspendAll                  
00000e31  vTaskSwitchContext               
000067ed  vTimerSetTimerID                 
00009909  wcslen                           
000080bb  xPortGetFreeHeapSize             
00008d65  xPortPendSVHandler               
00007719  xPortStartScheduler              
0000783f  xPortSysTickHandler              
00004d17  xQueueCreateMutex                
00004c79  xQueueGenericCreate              
00005111  xQueueGenericReceive             
00004bc9  xQueueGenericReset               
00004d8d  xQueueGenericSend                
00004f3d  xQueueGenericSendFromISR         
00005031  xQueueGiveFromISR                
000056b9  xQueueIsQueueEmptyFromISR        
0000570f  xQueueIsQueueFullFromISR         
00005399  xQueuePeekFromISR                
000052d5  xQueueReceiveFromISR             
00001207  xTaskCheckForTimeOut             
0000026d  xTaskGenericCreate               
00001c01  xTaskGenericNotify               
00001d25  xTaskGenericNotifyFromISR        
000016ff  xTaskGetCurrentTaskHandle        
00001719  xTaskGetSchedulerState           
00000bbf  xTaskGetTickCount                
00000bcf  xTaskGetTickCountFromISR         
00000d09  xTaskIncrementTick               
00001f39  xTaskNotifyStateClear            
00001b11  xTaskNotifyWait                  
000017ff  xTaskPriorityDisinherit          
000010a9  xTaskRemoveFromEventList         
0000113b  xTaskRemoveFromUnorderedEventList
00000acd  xTaskResumeAll                   
00000971  xTaskResumeFromISR               
00006237  xTimerCreate                     
000061e9  xTimerCreateTimerTask            
000062a5  xTimerGenericCommand             
0000677f  xTimerIsTimerActive              
00006851  xTimerPendFunctionCall           
0000681b  xTimerPendFunctionCallFromISR    


GLOBAL SYMBOLS: SORTED BY Symbol Address 

address   name                             
-------   ----                             
00000000  __TI_static_base__               
00000000  g_pfnVectors                     
00000200  __STACK_SIZE                     
0000026d  xTaskGenericCreate               
000003d1  vTaskDelete                      
00000489  vTaskDelayUntil                  
0000058d  vTaskDelay                       
00000611  uxTaskPriorityGet                
00000639  uxTaskPriorityGetFromISR         
00000689  vTaskPrioritySet                 
000007b5  vTaskSuspend                     
000008dd  vTaskResume                      
00000971  xTaskResumeFromISR               
00000a1d  vTaskStartScheduler              
00000a95  vTaskEndScheduler                
00000ab5  vTaskSuspendAll                  
00000acd  xTaskResumeAll                   
00000bbf  xTaskGetTickCount                
00000bcf  xTaskGetTickCountFromISR         
00000be3  uxTaskGetNumberOfTasks           
00000be9  pcTaskGetTaskName                
00000c25  uxTaskGetSystemState             
00000d09  xTaskIncrementTick               
00000e31  vTaskSwitchContext               
00000f05  vTaskPlaceOnEventList            
00000f81  vTaskPlaceOnUnorderedEventList   
00001025  vTaskPlaceOnEventListRestricted  
000010a9  xTaskRemoveFromEventList         
0000113b  xTaskRemoveFromUnorderedEventList
000011d9  vTaskSetTimeOutState             
00001207  xTaskCheckForTimeOut             
000012a9  vTaskMissedYield                 
000012b9  uxTaskGetTaskNumber              
000012d9  vTaskSetTaskNumber               
0000166d  uxTaskGetStackHighWaterMark      
000016ff  xTaskGetCurrentTaskHandle        
00001719  xTaskGetSchedulerState           
00001745  vTaskPriorityInherit             
000017ff  xTaskPriorityDisinherit          
00001921  vTaskList                        
00001a11  uxTaskResetEventItemValue        
00001a33  pvTaskIncrementMutexHeldCount    
00001a51  ulTaskNotifyTake                 
00001b11  xTaskNotifyWait                  
00001c01  xTaskGenericNotify               
00001d25  xTaskGenericNotifyFromISR        
00001e5b  vTaskNotifyGiveFromISR           
00001f39  xTaskNotifyStateClear            
00001f89  GPTM_capture_read                
0000203f  GPTM_Enable                      
0000211d  GPTM_Disable                     
00002255  GPTM_Init                        
00002ca5  GPTM_TAILR_Value_Loud            
00002d81  GPTM_CCP_PinInit                 
00002e59  TimerA_Capture_PulseWidth        
000032dd  GPTM_PWM_init                    
000037c5  GPTM_PWM_PinInit                 
000039bd  GPTM_PWM_Duty_Cycle              
00003c21  GPTM_PWM_Freq_KHZ                
00003c9d  WriteDataBIT                     
00003d5b  WriteDataBITS                    
00003df1  ClearDataBIT                     
00003e8f  ReadDataBIT                      
00003f45  DIO_PORT_Init                    
00004079  DIO_InitPin                      
00004419  DIO_WritePin                     
00004575  DIO_ReadPin                      
00004669  DIO_TogglePin                    
00004725  DIO_WritePort                    
000047a9  Interrupt_Edge_InitPin           
00004abf  _delay_ms                        
00004b09  _delay_us                        
00004bc9  xQueueGenericReset               
00004c79  xQueueGenericCreate              
00004d17  xQueueCreateMutex                
00004d8d  xQueueGenericSend                
00004f3d  xQueueGenericSendFromISR         
00005031  xQueueGiveFromISR                
00005111  xQueueGenericReceive             
000052d5  xQueueReceiveFromISR             
00005399  xQueuePeekFromISR                
00005449  uxQueueMessagesWaiting           
00005473  uxQueueSpacesAvailable           
000054a7  uxQueueMessagesWaitingFromISR    
000054cd  vQueueDelete                     
000054f1  uxQueueGetQueueNumber            
000054ff  vQueueSetQueueNumber             
00005511  ucQueueGetQueueType              
000056b9  xQueueIsQueueEmptyFromISR        
0000570f  xQueueIsQueueFullFromISR         
00005745  vQueueWaitForMessageRestricted   
00005799  __TI_printfi                     
000061e7  __aeabi_idiv0                    
000061e7  __aeabi_ldiv0                    
000061e9  xTimerCreateTimerTask            
00006237  xTimerCreate                     
000062a5  xTimerGenericCommand             
00006325  pcTimerGetTimerName              
0000677f  xTimerIsTimerActive              
000067bf  pvTimerGetTimerID                
000067ed  vTimerSetTimerID                 
0000681b  xTimerPendFunctionCallFromISR    
00006851  xTimerPendFunctionCall           
000068b1  ADC_sequencer_EN                 
000069a9  ADC_Read                         
00006afd  ADC_Init                         
00006e21  LCD_WriteCommand                 
00006eef  LCD_WriteData                    
00006fbd  LCD_Init                         
00007085  LCD_WriteChar                    
00007095  LCD_WriteString                  
000070c5  LCD_WriteNumber                  
00007167  LCD_WriteNumberInBinary          
000071b3  LCD_Clear                        
000071bd  LCD_SetCursor                    
000071f1  LCD_WriteNumber_4D               
00007269  LCD_WriteNumber_3D               
000072c1  LCD_WriteNumber_2D               
00007319  Int_Timer0_Handler               
0000737f  GPIOFIntHandler                  
000073f3  LCD_Display                      
0000744f  system_config                    
000074cd  Task_1_LDR                       
00007515  Task_2_LCD_Display               
0000756f  Task_3_UltraSonic                
000075b5  Task_4_MOTORS                    
00007691  pxPortInitialiseStack            
00007719  xPortStartScheduler              
000077ad  vPortEndScheduler                
000077d1  vPortEnterCritical               
00007813  vPortExitCritical                
0000783f  xPortSysTickHandler              
00007865  vPortSetupTimerInterrupt         
00007881  vPortValidateInterruptPriority   
00007b85  motors_Init                      
00007bb9  Turn_oneDirection                
00007c01  Turn_OtherDirection              
00007c35  turn_Car                         
00007ce7  move_Forward                     
00007d1f  move_Backward                    
00007d57  car_Stop                         
00007f5d  pvPortMalloc                     
0000805d  vPortFree                        
000080bb  xPortGetFreeHeapSize             
000080c1  vPortInitialiseBlocks            
0000811d  __aeabi_dsub                     
00008127  __aeabi_dadd                     
000082d5  ADC_Init_Temperature             
0000833d  Temperature_Read                 
000083b5  LDR_Right_Init                   
000083c5  LDR_Left_Init                    
000083d5  LDR_Right_Read                   
000083e3  LDR_Left_Read                    
0000856d  __aeabi_ddiv                     
000086a3  vListInitialise                  
000086d3  vListInitialiseItem              
000086e3  vListInsertEnd                   
0000871f  vListInsert                      
00008785  uxListRemove                     
000087cd  vApplicationStackOverflowHook    
000087d7  vApplicationTickHook             
000087f7  vApplicationIdleHook             
000087ff  vApplicationMallocFailedHook     
00008801  main                             
00008a19  SysCtlClockGet                   
00008b31  ldexp                            
00008b31  ldexpl                           
00008b31  scalbn                           
00008b31  scalbnl                          
00008c41  __aeabi_dmul                     
00008d4d  ulPortGetIPSR                    
00008d65  xPortPendSVHandler               
00008dc5  vPortSVCHandler                  
00008de5  vPortStartFirstTask              
00008e01  vPortEnableVFP                   
00008e11  ultraSonic_Init                  
00008e85  ultraSonic_Read_CM               
00008ee1  CPUUsageTick                     
00008f19  CPUUsageInit                     
0000904f  __aeabi_memcpy                   
0000904f  __aeabi_memcpy4                  
0000904f  __aeabi_memcpy8                  
0000904f  memcpy                           
000090eb  __aeabi_uldivmod                 
00009181  __aeabi_cdcmpeq                  
00009181  __aeabi_cdcmple                  
00009207  __aeabi_cdrcmple                 
0000928d  __aeabi_memclr                   
0000928d  __aeabi_memclr4                  
0000928d  __aeabi_memclr8                  
0000928f  __aeabi_memset                   
0000928f  __aeabi_memset4                  
0000928f  __aeabi_memset8                  
00009295  memset                           
00009375  __TI_decompress_lzss             
000093dd  frexp                            
000093dd  frexpl                           
00009441  TimerConfigure                   
000094f7  __TI_ltoa                        
0000959d  atoi                             
000095e9  SysCtlPeripheralClockGating      
00009631  __aeabi_d2iz                     
00009679  __TI_auto_init_nobinit_nopinit   
000096bd  __aeabi_d2uiz                    
00009701  sprintf                          
00009781  SysCtlPeripheralEnable           
000097b5  SysCtlPeripheralSleepDisable     
000097e9  _c_int00_noargs                  
0000981d  __aeabi_i2d                      
0000984b  __aeabi_ui2d                     
0000986b  memccpy                          
00009887  copysign                         
00009887  copysignl                        
000098b9  strchr                           
000098cf  strcpy                           
000098e3  strlen                           
000098f7  TimerLoadSet                     
00009909  wcslen                           
0000991b  TimerEnable                      
00009929  __TI_decompress_none             
00009937  __TI_zero_init                   
00009943  ResetISR                         
0000994f  TimerValueGet                    
00009965  __aeabi_errno_addr               
0000996d  CPUwfi                           
0000996d  SysCtlSleep                      
00009971  _system_pre_init                 
00009975  C$$EXIT                          
00009975  abort                            
00009978  _ctypes_                         
00009ae8  ulMaxSyscallInterruptPriority    
00009b44  __TI_Handler_Table_Base          
00009b50  __TI_Handler_Table_Limit         
00009b58  __TI_CINIT_Base                  
00009b68  __TI_CINIT_Limit                 
20000000  __start___llvm_prf_cnts          
20000000  __stop___llvm_prf_cnts           
200051f8  g_ui32CPUUsage                   
200051fc  ldr_Diff_Queue                   
20005200  ultrasonic_Queue                 
20005206  elapsed_time_S                   
20005208  __stack                          
20005408  __STACK_END                      
20005408  __STACK_TOP                      
20005408  pxCurrentTCB                     
20005468  GPTM_EdgeTimer                   
20005476  GPTM_Timer0                      
200054a0  errno                            
200054a4  start_flag                       
200054a5  toggle                           
ffffffff  __TI_pprof_out_hndl              
ffffffff  __TI_prof_data_size              
ffffffff  __TI_prof_data_start             
ffffffff  __binit__                        
ffffffff  __c_args__                       
ffffffff  binit                            
UNDEFED   __mpu_init                       
UNDEFED   _system_post_cinit               

[258 symbols]
