<?xml version="1.0" encoding="ISO-8859-1" ?>
<link_info>
   <banner>TI ARM Linker PC v20.2.7.LTS</banner>
   <copyright>Copyright (c) 1996-2018 Texas Instruments Incorporated</copyright>
   <link_time>0x652058d0</link_time>
   <link_errors>0x0</link_errors>
   <output_file>Autonomous_Car_RTOS.out</output_file>
   <entry_point>
      <name>_c_int00_noargs</name>
      <address>0x97e9</address>
   </entry_point>
   <input_file_list>
      <input_file id="fl-2">
         <path>.\</path>
         <kind>object</kind>
         <file>croutine.obj</file>
         <name>croutine.obj</name>
      </input_file>
      <input_file id="fl-3">
         <path>.\</path>
         <kind>object</kind>
         <file>event_groups.obj</file>
         <name>event_groups.obj</name>
      </input_file>
      <input_file id="fl-4">
         <path>.\</path>
         <kind>object</kind>
         <file>list.obj</file>
         <name>list.obj</name>
      </input_file>
      <input_file id="fl-5">
         <path>.\</path>
         <kind>object</kind>
         <file>main.obj</file>
         <name>main.obj</name>
      </input_file>
      <input_file id="fl-6">
         <path>.\</path>
         <kind>object</kind>
         <file>queue.obj</file>
         <name>queue.obj</name>
      </input_file>
      <input_file id="fl-7">
         <path>.\</path>
         <kind>object</kind>
         <file>tasks.obj</file>
         <name>tasks.obj</name>
      </input_file>
      <input_file id="fl-8">
         <path>.\</path>
         <kind>object</kind>
         <file>timers.obj</file>
         <name>timers.obj</name>
      </input_file>
      <input_file id="fl-9">
         <path>.\</path>
         <kind>object</kind>
         <file>tm4c123gh6pm_startup_ccs.obj</file>
         <name>tm4c123gh6pm_startup_ccs.obj</name>
      </input_file>
      <input_file id="fl-a">
         <path>.\HAL\DC_motor\</path>
         <kind>object</kind>
         <file>DC_motor.obj</file>
         <name>DC_motor.obj</name>
      </input_file>
      <input_file id="fl-b">
         <path>.\HAL\LCD_Driver\</path>
         <kind>object</kind>
         <file>LCD_Driver.obj</file>
         <name>LCD_Driver.obj</name>
      </input_file>
      <input_file id="fl-c">
         <path>.\HAL\Sensors\</path>
         <kind>object</kind>
         <file>Sensor.obj</file>
         <name>Sensor.obj</name>
      </input_file>
      <input_file id="fl-d">
         <path>.\HAL\ultraSonic\</path>
         <kind>object</kind>
         <file>ultraSonic.obj</file>
         <name>ultraSonic.obj</name>
      </input_file>
      <input_file id="fl-e">
         <path>.\MCAL\Tiva_ADC\</path>
         <kind>object</kind>
         <file>ADC.obj</file>
         <name>ADC.obj</name>
      </input_file>
      <input_file id="fl-f">
         <path>.\MCAL\Tiva_DIO\</path>
         <kind>object</kind>
         <file>Tiva_DIO.obj</file>
         <name>Tiva_DIO.obj</name>
      </input_file>
      <input_file id="fl-10">
         <path>.\MCAL\Tiva_GPTM_Timers\</path>
         <kind>object</kind>
         <file>Tiva_GPTM_Timers.obj</file>
         <name>Tiva_GPTM_Timers.obj</name>
      </input_file>
      <input_file id="fl-11">
         <path>.\app\</path>
         <kind>object</kind>
         <file>app.obj</file>
         <name>app.obj</name>
      </input_file>
      <input_file id="fl-12">
         <path>.\portable\CCS\ARM_CM4F\</path>
         <kind>object</kind>
         <file>port.obj</file>
         <name>port.obj</name>
      </input_file>
      <input_file id="fl-13">
         <path>.\portable\CCS\ARM_CM4F\</path>
         <kind>object</kind>
         <file>portasm.obj</file>
         <name>portasm.obj</name>
      </input_file>
      <input_file id="fl-14">
         <path>.\portable\MemMang\</path>
         <kind>object</kind>
         <file>heap_2.obj</file>
         <name>heap_2.obj</name>
      </input_file>
      <input_file id="fl-15">
         <path>.\utils\</path>
         <kind>object</kind>
         <file>RunTimeStatsConfig.obj</file>
         <name>RunTimeStatsConfig.obj</name>
      </input_file>
      <input_file id="fl-16">
         <path>.\utils\</path>
         <kind>object</kind>
         <file>cmdline.obj</file>
         <name>cmdline.obj</name>
      </input_file>
      <input_file id="fl-17">
         <path>.\utils\</path>
         <kind>object</kind>
         <file>cpu_usage.obj</file>
         <name>cpu_usage.obj</name>
      </input_file>
      <input_file id="fl-1d">
         <kind>object</kind>
         <file>&lt;internal&gt;</file>
         <name>&lt;internal&gt;</name>
      </input_file>
      <input_file id="fl-1e">
         <path>C:\ti\TivaWare_C_Series-2.2.0.295\driverlib\ccs\Debug\</path>
         <kind>archive</kind>
         <file>driverlib.lib</file>
         <name>sysctl.obj</name>
      </input_file>
      <input_file id="fl-1f">
         <path>C:\ti\TivaWare_C_Series-2.2.0.295\driverlib\ccs\Debug\</path>
         <kind>archive</kind>
         <file>driverlib.lib</file>
         <name>timer.obj</name>
      </input_file>
      <input_file id="fl-20">
         <path>C:\ti\TivaWare_C_Series-2.2.0.295\driverlib\ccs\Debug\</path>
         <kind>archive</kind>
         <file>driverlib.lib</file>
         <name>cpu.obj</name>
      </input_file>
      <input_file id="fl-21">
         <path>C:\ti\TivaWare_C_Series-2.2.0.295\driverlib\ccs\Debug\</path>
         <kind>archive</kind>
         <file>driverlib.lib</file>
         <name>interrupt.obj</name>
      </input_file>
      <input_file id="fl-d7">
         <path>C:\ti\ccs1240\ccs\tools\compiler\ti-cgt-arm_20.2.7.LTS\lib\</path>
         <kind>archive</kind>
         <file>rtsv7M4_T_le_v4SPD16_eabi.lib</file>
         <name>sprintf.c.obj</name>
      </input_file>
      <input_file id="fl-d8">
         <path>C:\ti\ccs1240\ccs\tools\compiler\ti-cgt-arm_20.2.7.LTS\lib\</path>
         <kind>archive</kind>
         <file>rtsv7M4_T_le_v4SPD16_eabi.lib</file>
         <name>fd_add_t2.asm.obj</name>
      </input_file>
      <input_file id="fl-d9">
         <path>C:\ti\ccs1240\ccs\tools\compiler\ti-cgt-arm_20.2.7.LTS\lib\</path>
         <kind>archive</kind>
         <file>rtsv7M4_T_le_v4SPD16_eabi.lib</file>
         <name>fd_div_t2.asm.obj</name>
      </input_file>
      <input_file id="fl-da">
         <path>C:\ti\ccs1240\ccs\tools\compiler\ti-cgt-arm_20.2.7.LTS\lib\</path>
         <kind>archive</kind>
         <file>rtsv7M4_T_le_v4SPD16_eabi.lib</file>
         <name>fd_mul_t2.asm.obj</name>
      </input_file>
      <input_file id="fl-db">
         <path>C:\ti\ccs1240\ccs\tools\compiler\ti-cgt-arm_20.2.7.LTS\lib\</path>
         <kind>archive</kind>
         <file>rtsv7M4_T_le_v4SPD16_eabi.lib</file>
         <name>fd_tou_t2.asm.obj</name>
      </input_file>
      <input_file id="fl-dc">
         <path>C:\ti\ccs1240\ccs\tools\compiler\ti-cgt-arm_20.2.7.LTS\lib\</path>
         <kind>archive</kind>
         <file>rtsv7M4_T_le_v4SPD16_eabi.lib</file>
         <name>memcpy_t2.asm.obj</name>
      </input_file>
      <input_file id="fl-dd">
         <path>C:\ti\ccs1240\ccs\tools\compiler\ti-cgt-arm_20.2.7.LTS\lib\</path>
         <kind>archive</kind>
         <file>rtsv7M4_T_le_v4SPD16_eabi.lib</file>
         <name>u_tofd_t2.asm.obj</name>
      </input_file>
      <input_file id="fl-de">
         <path>C:\ti\ccs1240\ccs\tools\compiler\ti-cgt-arm_20.2.7.LTS\lib\</path>
         <kind>archive</kind>
         <file>rtsv7M4_T_le_v4SPD16_eabi.lib</file>
         <name>memset_t2.asm.obj</name>
      </input_file>
      <input_file id="fl-df">
         <path>C:\ti\ccs1240\ccs\tools\compiler\ti-cgt-arm_20.2.7.LTS\lib\</path>
         <kind>archive</kind>
         <file>rtsv7M4_T_le_v4SPD16_eabi.lib</file>
         <name>copy_zero_init.c.obj</name>
      </input_file>
      <input_file id="fl-e0">
         <path>C:\ti\ccs1240\ccs\tools\compiler\ti-cgt-arm_20.2.7.LTS\lib\</path>
         <kind>archive</kind>
         <file>rtsv7M4_T_le_v4SPD16_eabi.lib</file>
         <name>copy_decompress_none.c.obj</name>
      </input_file>
      <input_file id="fl-e1">
         <path>C:\ti\ccs1240\ccs\tools\compiler\ti-cgt-arm_20.2.7.LTS\lib\</path>
         <kind>archive</kind>
         <file>rtsv7M4_T_le_v4SPD16_eabi.lib</file>
         <name>copy_decompress_lzss.c.obj</name>
      </input_file>
      <input_file id="fl-e2">
         <path>C:\ti\ccs1240\ccs\tools\compiler\ti-cgt-arm_20.2.7.LTS\lib\</path>
         <kind>archive</kind>
         <file>rtsv7M4_T_le_v4SPD16_eabi.lib</file>
         <name>strcmp.c.obj</name>
      </input_file>
      <input_file id="fl-e3">
         <path>C:\ti\ccs1240\ccs\tools\compiler\ti-cgt-arm_20.2.7.LTS\lib\</path>
         <kind>archive</kind>
         <file>rtsv7M4_T_le_v4SPD16_eabi.lib</file>
         <name>strcpy.c.obj</name>
      </input_file>
      <input_file id="fl-e4">
         <path>C:\ti\ccs1240\ccs\tools\compiler\ti-cgt-arm_20.2.7.LTS\lib\</path>
         <kind>archive</kind>
         <file>rtsv7M4_T_le_v4SPD16_eabi.lib</file>
         <name>strlen.c.obj</name>
      </input_file>
      <input_file id="fl-e5">
         <path>C:\ti\ccs1240\ccs\tools\compiler\ti-cgt-arm_20.2.7.LTS\lib\</path>
         <kind>archive</kind>
         <file>rtsv7M4_T_le_v4SPD16_eabi.lib</file>
         <name>boot_cortex_m.c.obj</name>
      </input_file>
      <input_file id="fl-e6">
         <path>C:\ti\ccs1240\ccs\tools\compiler\ti-cgt-arm_20.2.7.LTS\lib\</path>
         <kind>archive</kind>
         <file>rtsv7M4_T_le_v4SPD16_eabi.lib</file>
         <name>_printfi.c.obj</name>
      </input_file>
      <input_file id="fl-e7">
         <path>C:\ti\ccs1240\ccs\tools\compiler\ti-cgt-arm_20.2.7.LTS\lib\</path>
         <kind>archive</kind>
         <file>rtsv7M4_T_le_v4SPD16_eabi.lib</file>
         <name>fd_cmp_t2.asm.obj</name>
      </input_file>
      <input_file id="fl-e8">
         <path>C:\ti\ccs1240\ccs\tools\compiler\ti-cgt-arm_20.2.7.LTS\lib\</path>
         <kind>archive</kind>
         <file>rtsv7M4_T_le_v4SPD16_eabi.lib</file>
         <name>fd_toi_t2.asm.obj</name>
      </input_file>
      <input_file id="fl-e9">
         <path>C:\ti\ccs1240\ccs\tools\compiler\ti-cgt-arm_20.2.7.LTS\lib\</path>
         <kind>archive</kind>
         <file>rtsv7M4_T_le_v4SPD16_eabi.lib</file>
         <name>i_tofd_t2.asm.obj</name>
      </input_file>
      <input_file id="fl-ea">
         <path>C:\ti\ccs1240\ccs\tools\compiler\ti-cgt-arm_20.2.7.LTS\lib\</path>
         <kind>archive</kind>
         <file>rtsv7M4_T_le_v4SPD16_eabi.lib</file>
         <name>ull_div_t2.asm.obj</name>
      </input_file>
      <input_file id="fl-eb">
         <path>C:\ti\ccs1240\ccs\tools\compiler\ti-cgt-arm_20.2.7.LTS\lib\</path>
         <kind>archive</kind>
         <file>rtsv7M4_T_le_v4SPD16_eabi.lib</file>
         <name>autoinit.c.obj</name>
      </input_file>
      <input_file id="fl-ec">
         <path>C:\ti\ccs1240\ccs\tools\compiler\ti-cgt-arm_20.2.7.LTS\lib\</path>
         <kind>archive</kind>
         <file>rtsv7M4_T_le_v4SPD16_eabi.lib</file>
         <name>pre_init.c.obj</name>
      </input_file>
      <input_file id="fl-ed">
         <path>C:\ti\ccs1240\ccs\tools\compiler\ti-cgt-arm_20.2.7.LTS\lib\</path>
         <kind>archive</kind>
         <file>rtsv7M4_T_le_v4SPD16_eabi.lib</file>
         <name>cpy_tbl.c.obj</name>
      </input_file>
      <input_file id="fl-ee">
         <path>C:\ti\ccs1240\ccs\tools\compiler\ti-cgt-arm_20.2.7.LTS\lib\</path>
         <kind>archive</kind>
         <file>rtsv7M4_T_le_v4SPD16_eabi.lib</file>
         <name>exit.c.obj</name>
      </input_file>
      <input_file id="fl-ef">
         <path>C:\ti\ccs1240\ccs\tools\compiler\ti-cgt-arm_20.2.7.LTS\lib\</path>
         <kind>archive</kind>
         <file>rtsv7M4_T_le_v4SPD16_eabi.lib</file>
         <name>_lock.c.obj</name>
      </input_file>
      <input_file id="fl-f0">
         <path>C:\ti\ccs1240\ccs\tools\compiler\ti-cgt-arm_20.2.7.LTS\lib\</path>
         <kind>archive</kind>
         <file>rtsv7M4_T_le_v4SPD16_eabi.lib</file>
         <name>_ltoa.c.obj</name>
      </input_file>
      <input_file id="fl-f1">
         <path>C:\ti\ccs1240\ccs\tools\compiler\ti-cgt-arm_20.2.7.LTS\lib\</path>
         <kind>archive</kind>
         <file>rtsv7M4_T_le_v4SPD16_eabi.lib</file>
         <name>args_main.c.obj</name>
      </input_file>
      <input_file id="fl-f2">
         <path>C:\ti\ccs1240\ccs\tools\compiler\ti-cgt-arm_20.2.7.LTS\lib\</path>
         <kind>archive</kind>
         <file>rtsv7M4_T_le_v4SPD16_eabi.lib</file>
         <name>atoi.c.obj</name>
      </input_file>
      <input_file id="fl-f3">
         <path>C:\ti\ccs1240\ccs\tools\compiler\ti-cgt-arm_20.2.7.LTS\lib\</path>
         <kind>archive</kind>
         <file>rtsv7M4_T_le_v4SPD16_eabi.lib</file>
         <name>ctype.c.obj</name>
      </input_file>
      <input_file id="fl-f4">
         <path>C:\ti\ccs1240\ccs\tools\compiler\ti-cgt-arm_20.2.7.LTS\lib\</path>
         <kind>archive</kind>
         <file>rtsv7M4_T_le_v4SPD16_eabi.lib</file>
         <name>memccpy.c.obj</name>
      </input_file>
      <input_file id="fl-f5">
         <path>C:\ti\ccs1240\ccs\tools\compiler\ti-cgt-arm_20.2.7.LTS\lib\</path>
         <kind>archive</kind>
         <file>rtsv7M4_T_le_v4SPD16_eabi.lib</file>
         <name>strchr.c.obj</name>
      </input_file>
      <input_file id="fl-f6">
         <path>C:\ti\ccs1240\ccs\tools\compiler\ti-cgt-arm_20.2.7.LTS\lib\</path>
         <kind>archive</kind>
         <file>rtsv7M4_T_le_v4SPD16_eabi.lib</file>
         <name>errno.c.obj</name>
      </input_file>
      <input_file id="fl-f7">
         <path>C:\ti\ccs1240\ccs\tools\compiler\ti-cgt-arm_20.2.7.LTS\lib\</path>
         <kind>archive</kind>
         <file>rtsv7M4_T_le_v4SPD16_eabi.lib</file>
         <name>wcslen.c.obj</name>
      </input_file>
      <input_file id="fl-f8">
         <path>C:\ti\ccs1240\ccs\tools\compiler\ti-cgt-arm_20.2.7.LTS\lib\</path>
         <kind>archive</kind>
         <file>rtsv7M4_T_le_v4SPD16_eabi.lib</file>
         <name>s_frexp.c.obj</name>
      </input_file>
      <input_file id="fl-f9">
         <path>C:\ti\ccs1240\ccs\tools\compiler\ti-cgt-arm_20.2.7.LTS\lib\</path>
         <kind>archive</kind>
         <file>rtsv7M4_T_le_v4SPD16_eabi.lib</file>
         <name>s_scalbn.c.obj</name>
      </input_file>
      <input_file id="fl-fa">
         <path>C:\ti\ccs1240\ccs\tools\compiler\ti-cgt-arm_20.2.7.LTS\lib\</path>
         <kind>archive</kind>
         <file>rtsv7M4_T_le_v4SPD16_eabi.lib</file>
         <name>div0.asm.obj</name>
      </input_file>
      <input_file id="fl-fb">
         <path>C:\ti\ccs1240\ccs\tools\compiler\ti-cgt-arm_20.2.7.LTS\lib\</path>
         <kind>archive</kind>
         <file>rtsv7M4_T_le_v4SPD16_eabi.lib</file>
         <name>s_copysign.c.obj</name>
      </input_file>
   </input_file_list>
   <object_component_list>
      <object_component id="oc-12">
         <name>.intvecs</name>
         <load_address>0x0</load_address>
         <run_address>0x0</run_address>
         <size>0x26c</size>
         <input_file_ref idref="fl-9"/>
      </object_component>
      <object_component id="oc-85">
         <name>.text</name>
         <load_address>0x26c</load_address>
         <run_address>0x26c</run_address>
         <size>0x1d1c</size>
         <input_file_ref idref="fl-7"/>
      </object_component>
      <object_component id="oc-ac">
         <name>.text</name>
         <load_address>0x1f88</load_address>
         <run_address>0x1f88</run_address>
         <size>0x1d14</size>
         <input_file_ref idref="fl-10"/>
      </object_component>
      <object_component id="oc-b2">
         <name>.text</name>
         <load_address>0x3c9c</load_address>
         <run_address>0x3c9c</run_address>
         <size>0xf2c</size>
         <input_file_ref idref="fl-f"/>
      </object_component>
      <object_component id="oc-be">
         <name>.text</name>
         <load_address>0x4bc8</load_address>
         <run_address>0x4bc8</run_address>
         <size>0xbd0</size>
         <input_file_ref idref="fl-6"/>
      </object_component>
      <object_component id="oc-26a">
         <name>.text:__TI_printfi</name>
         <load_address>0x5798</load_address>
         <run_address>0x5798</run_address>
         <size>0xa4e</size>
         <input_file_ref idref="fl-e6"/>
      </object_component>
      <object_component id="oc-440">
         <name>.text</name>
         <load_address>0x61e6</load_address>
         <run_address>0x61e6</run_address>
         <size>0x2</size>
         <input_file_ref idref="fl-fa"/>
      </object_component>
      <object_component id="oc-127">
         <name>.text</name>
         <load_address>0x61e8</load_address>
         <run_address>0x61e8</run_address>
         <size>0x6c8</size>
         <input_file_ref idref="fl-8"/>
      </object_component>
      <object_component id="oc-1b1">
         <name>.text</name>
         <load_address>0x68b0</load_address>
         <run_address>0x68b0</run_address>
         <size>0x570</size>
         <input_file_ref idref="fl-e"/>
      </object_component>
      <object_component id="oc-b8">
         <name>.text</name>
         <load_address>0x6e20</load_address>
         <run_address>0x6e20</run_address>
         <size>0x4f6</size>
         <input_file_ref idref="fl-b"/>
      </object_component>
      <object_component id="oc-38">
         <name>.text</name>
         <load_address>0x7318</load_address>
         <run_address>0x7318</run_address>
         <size>0x378</size>
         <input_file_ref idref="fl-11"/>
      </object_component>
      <object_component id="oc-32">
         <name>.text</name>
         <load_address>0x7690</load_address>
         <run_address>0x7690</run_address>
         <size>0x284</size>
         <input_file_ref idref="fl-12"/>
      </object_component>
      <object_component id="oc-346">
         <name>.text:_pconv_a</name>
         <load_address>0x7914</load_address>
         <run_address>0x7914</run_address>
         <size>0x270</size>
         <input_file_ref idref="fl-e6"/>
      </object_component>
      <object_component id="oc-a6">
         <name>.text</name>
         <load_address>0x7b84</load_address>
         <run_address>0x7b84</run_address>
         <size>0x208</size>
         <input_file_ref idref="fl-a"/>
      </object_component>
      <object_component id="oc-334">
         <name>.text:_pconv_g</name>
         <load_address>0x7d8c</load_address>
         <run_address>0x7d8c</run_address>
         <size>0x1d0</size>
         <input_file_ref idref="fl-e6"/>
      </object_component>
      <object_component id="oc-136">
         <name>.text</name>
         <load_address>0x7f5c</load_address>
         <run_address>0x7f5c</run_address>
         <size>0x1c0</size>
         <input_file_ref idref="fl-14"/>
      </object_component>
      <object_component id="oc-191">
         <name>.text</name>
         <load_address>0x811c</load_address>
         <run_address>0x811c</run_address>
         <size>0x1b6</size>
         <input_file_ref idref="fl-d8"/>
      </object_component>
      <object_component id="oc-c4">
         <name>.text</name>
         <load_address>0x82d4</load_address>
         <run_address>0x82d4</run_address>
         <size>0x15c</size>
         <input_file_ref idref="fl-c"/>
      </object_component>
      <object_component id="oc-340">
         <name>.text:_pconv_e</name>
         <load_address>0x8430</load_address>
         <run_address>0x8430</run_address>
         <size>0x13c</size>
         <input_file_ref idref="fl-e6"/>
      </object_component>
      <object_component id="oc-187">
         <name>.text</name>
         <load_address>0x856c</load_address>
         <run_address>0x856c</run_address>
         <size>0x136</size>
         <input_file_ref idref="fl-d9"/>
      </object_component>
      <object_component id="oc-11b">
         <name>.text</name>
         <load_address>0x86a2</load_address>
         <run_address>0x86a2</run_address>
         <size>0x12a</size>
         <input_file_ref idref="fl-4"/>
      </object_component>
      <object_component id="oc-104">
         <name>.text</name>
         <load_address>0x87cc</load_address>
         <run_address>0x87cc</run_address>
         <size>0x128</size>
         <input_file_ref idref="fl-5"/>
      </object_component>
      <object_component id="oc-3e8">
         <name>.text:fcvt</name>
         <load_address>0x88f4</load_address>
         <run_address>0x88f4</run_address>
         <size>0x124</size>
         <input_file_ref idref="fl-e6"/>
      </object_component>
      <object_component id="oc-8c">
         <name>.text:SysCtlClockGet</name>
         <load_address>0x8a18</load_address>
         <run_address>0x8a18</run_address>
         <size>0x118</size>
         <input_file_ref idref="fl-1e"/>
      </object_component>
      <object_component id="oc-3fc">
         <name>.text:scalbn</name>
         <load_address>0x8b30</load_address>
         <run_address>0x8b30</run_address>
         <size>0x110</size>
         <input_file_ref idref="fl-f9"/>
      </object_component>
      <object_component id="oc-18c">
         <name>.text</name>
         <load_address>0x8c40</load_address>
         <run_address>0x8c40</run_address>
         <size>0xfc</size>
         <input_file_ref idref="fl-da"/>
      </object_component>
      <object_component id="oc-2d">
         <name>.text</name>
         <load_address>0x8d3c</load_address>
         <run_address>0x8d3c</run_address>
         <size>0xd2</size>
         <input_file_ref idref="fl-13"/>
      </object_component>
      <object_component id="oc-ca">
         <name>.text</name>
         <load_address>0x8e10</load_address>
         <run_address>0x8e10</run_address>
         <size>0xd0</size>
         <input_file_ref idref="fl-d"/>
      </object_component>
      <object_component id="oc-1da">
         <name>.text</name>
         <load_address>0x8ee0</load_address>
         <run_address>0x8ee0</run_address>
         <size>0xbc</size>
         <input_file_ref idref="fl-17"/>
      </object_component>
      <object_component id="oc-329">
         <name>.text:_ltostr</name>
         <load_address>0x8f9c</load_address>
         <run_address>0x8f9c</run_address>
         <size>0xb1</size>
         <input_file_ref idref="fl-e6"/>
      </object_component>
      <object_component id="oc-4c">
         <name>.text</name>
         <load_address>0x904e</load_address>
         <run_address>0x904e</run_address>
         <size>0x9c</size>
         <input_file_ref idref="fl-dc"/>
      </object_component>
      <object_component id="oc-3bf">
         <name>.text</name>
         <load_address>0x90ea</load_address>
         <run_address>0x90ea</run_address>
         <size>0x96</size>
         <input_file_ref idref="fl-ea"/>
      </object_component>
      <object_component id="oc-32f">
         <name>.text:__aeabi_cdcmple</name>
         <load_address>0x9180</load_address>
         <run_address>0x9180</run_address>
         <size>0x86</size>
         <input_file_ref idref="fl-e7"/>
      </object_component>
      <object_component id="oc-3c6">
         <name>.text:__aeabi_cdrcmple</name>
         <load_address>0x9206</load_address>
         <run_address>0x9206</run_address>
         <size>0x86</size>
         <input_file_ref idref="fl-e7"/>
      </object_component>
      <object_component id="oc-f8">
         <name>.text</name>
         <load_address>0x928c</load_address>
         <run_address>0x928c</run_address>
         <size>0x7a</size>
         <input_file_ref idref="fl-de"/>
      </object_component>
      <object_component id="oc-3e1">
         <name>.text:_mcpy</name>
         <load_address>0x9306</load_address>
         <run_address>0x9306</run_address>
         <size>0x6e</size>
         <input_file_ref idref="fl-e6"/>
      </object_component>
      <object_component id="oc-15">
         <name>.text:decompress:lzss:__TI_decompress_lzss</name>
         <load_address>0x9374</load_address>
         <run_address>0x9374</run_address>
         <size>0x68</size>
         <input_file_ref idref="fl-e1"/>
      </object_component>
      <object_component id="oc-3f6">
         <name>.text:frexp</name>
         <load_address>0x93dc</load_address>
         <run_address>0x93dc</run_address>
         <size>0x64</size>
         <input_file_ref idref="fl-f8"/>
      </object_component>
      <object_component id="oc-2c5">
         <name>.text:TimerConfigure</name>
         <load_address>0x9440</load_address>
         <run_address>0x9440</run_address>
         <size>0x60</size>
         <input_file_ref idref="fl-1f"/>
      </object_component>
      <object_component id="oc-33a">
         <name>.text:_pconv_f</name>
         <load_address>0x94a0</load_address>
         <run_address>0x94a0</run_address>
         <size>0x56</size>
         <input_file_ref idref="fl-e6"/>
      </object_component>
      <object_component id="oc-3d0">
         <name>.text:__TI_ltoa</name>
         <load_address>0x94f6</load_address>
         <run_address>0x94f6</run_address>
         <size>0x54</size>
         <input_file_ref idref="fl-f0"/>
      </object_component>
      <object_component id="oc-3db">
         <name>.text:_ecpy</name>
         <load_address>0x954a</load_address>
         <run_address>0x954a</run_address>
         <size>0x52</size>
         <input_file_ref idref="fl-e6"/>
      </object_component>
      <object_component id="oc-323">
         <name>.text:atoi</name>
         <load_address>0x959c</load_address>
         <run_address>0x959c</run_address>
         <size>0x4c</size>
         <input_file_ref idref="fl-f2"/>
      </object_component>
      <object_component id="oc-2b3">
         <name>.text:SysCtlPeripheralClockGating</name>
         <load_address>0x95e8</load_address>
         <run_address>0x95e8</run_address>
         <size>0x48</size>
         <input_file_ref idref="fl-1e"/>
      </object_component>
      <object_component id="oc-3cb">
         <name>.text</name>
         <load_address>0x9630</load_address>
         <run_address>0x9630</run_address>
         <size>0x48</size>
         <input_file_ref idref="fl-e8"/>
      </object_component>
      <object_component id="oc-1f7">
         <name>.text:__TI_auto_init_nobinit_nopinit:__TI_auto_init_nobinit_nopinit</name>
         <load_address>0x9678</load_address>
         <run_address>0x9678</run_address>
         <size>0x44</size>
         <input_file_ref idref="fl-eb"/>
      </object_component>
      <object_component id="oc-196">
         <name>.text</name>
         <load_address>0x96bc</load_address>
         <run_address>0x96bc</run_address>
         <size>0x44</size>
         <input_file_ref idref="fl-db"/>
      </object_component>
      <object_component id="oc-14e">
         <name>.text:sprintf</name>
         <load_address>0x9700</load_address>
         <run_address>0x9700</run_address>
         <size>0x40</size>
         <input_file_ref idref="fl-d7"/>
      </object_component>
      <object_component id="oc-3ee">
         <name>.text:_fcpy</name>
         <load_address>0x9740</load_address>
         <run_address>0x9740</run_address>
         <size>0x3e</size>
         <input_file_ref idref="fl-e6"/>
      </object_component>
      <object_component id="oc-2b9">
         <name>.text:SysCtlPeripheralEnable</name>
         <load_address>0x9780</load_address>
         <run_address>0x9780</run_address>
         <size>0x34</size>
         <input_file_ref idref="fl-1e"/>
      </object_component>
      <object_component id="oc-2bf">
         <name>.text:SysCtlPeripheralSleepDisable</name>
         <load_address>0x97b4</load_address>
         <run_address>0x97b4</run_address>
         <size>0x34</size>
         <input_file_ref idref="fl-1e"/>
      </object_component>
      <object_component id="oc-6a">
         <name>.text:_c_int00_noargs:_c_int00_noargs</name>
         <load_address>0x97e8</load_address>
         <run_address>0x97e8</run_address>
         <size>0x34</size>
         <input_file_ref idref="fl-e5"/>
      </object_component>
      <object_component id="oc-3d6">
         <name>.text</name>
         <load_address>0x981c</load_address>
         <run_address>0x981c</run_address>
         <size>0x2e</size>
         <input_file_ref idref="fl-e9"/>
      </object_component>
      <object_component id="oc-182">
         <name>.text</name>
         <load_address>0x984a</load_address>
         <run_address>0x984a</run_address>
         <size>0x20</size>
         <input_file_ref idref="fl-dd"/>
      </object_component>
      <object_component id="oc-34c">
         <name>.text:memccpy</name>
         <load_address>0x986a</load_address>
         <run_address>0x986a</run_address>
         <size>0x1c</size>
         <input_file_ref idref="fl-f4"/>
      </object_component>
      <object_component id="oc-456">
         <name>.text:copysign</name>
         <load_address>0x9886</load_address>
         <run_address>0x9886</run_address>
         <size>0x1a</size>
         <input_file_ref idref="fl-fb"/>
      </object_component>
      <object_component id="oc-270">
         <name>.text:_outs</name>
         <load_address>0x98a0</load_address>
         <run_address>0x98a0</run_address>
         <size>0x18</size>
         <input_file_ref idref="fl-d7"/>
      </object_component>
      <object_component id="oc-402">
         <name>.text:strchr</name>
         <load_address>0x98b8</load_address>
         <run_address>0x98b8</run_address>
         <size>0x16</size>
         <input_file_ref idref="fl-f5"/>
      </object_component>
      <object_component id="oc-142">
         <name>.text:strcpy</name>
         <load_address>0x98ce</load_address>
         <run_address>0x98ce</run_address>
         <size>0x14</size>
         <input_file_ref idref="fl-e3"/>
      </object_component>
      <object_component id="oc-148">
         <name>.text:strlen</name>
         <load_address>0x98e2</load_address>
         <run_address>0x98e2</run_address>
         <size>0x14</size>
         <input_file_ref idref="fl-e4"/>
      </object_component>
      <object_component id="oc-2cb">
         <name>.text:TimerLoadSet</name>
         <load_address>0x98f6</load_address>
         <run_address>0x98f6</run_address>
         <size>0x12</size>
         <input_file_ref idref="fl-1f"/>
      </object_component>
      <object_component id="oc-352">
         <name>.text:wcslen</name>
         <load_address>0x9908</load_address>
         <run_address>0x9908</run_address>
         <size>0x12</size>
         <input_file_ref idref="fl-f7"/>
      </object_component>
      <object_component id="oc-2d1">
         <name>.text:TimerEnable</name>
         <load_address>0x991a</load_address>
         <run_address>0x991a</run_address>
         <size>0xe</size>
         <input_file_ref idref="fl-1f"/>
      </object_component>
      <object_component id="oc-1b">
         <name>.text:decompress:none:__TI_decompress_none</name>
         <load_address>0x9928</load_address>
         <run_address>0x9928</run_address>
         <size>0xe</size>
         <input_file_ref idref="fl-e0"/>
      </object_component>
      <object_component id="oc-5e">
         <name>.text:decompress:ZI:__TI_zero_init</name>
         <load_address>0x9936</load_address>
         <run_address>0x9936</run_address>
         <size>0xc</size>
         <input_file_ref idref="fl-df"/>
      </object_component>
      <object_component id="oc-27">
         <name>.text</name>
         <load_address>0x9942</load_address>
         <run_address>0x9942</run_address>
         <size>0xc</size>
         <input_file_ref idref="fl-9"/>
      </object_component>
      <object_component id="oc-2ad">
         <name>.text:TimerValueGet</name>
         <load_address>0x994e</load_address>
         <run_address>0x994e</run_address>
         <size>0xa</size>
         <input_file_ref idref="fl-1f"/>
      </object_component>
      <object_component id="oc-276">
         <name>.text:_outc</name>
         <load_address>0x9958</load_address>
         <run_address>0x9958</run_address>
         <size>0xa</size>
         <input_file_ref idref="fl-d7"/>
      </object_component>
      <object_component id="oc-358">
         <name>.text:__aeabi_errno_addr</name>
         <load_address>0x9964</load_address>
         <run_address>0x9964</run_address>
         <size>0x8</size>
         <input_file_ref idref="fl-f6"/>
      </object_component>
      <object_component id="oc-1e0">
         <name>.text:CPUwfi</name>
         <load_address>0x996c</load_address>
         <run_address>0x996c</run_address>
         <size>0x4</size>
         <input_file_ref idref="fl-20"/>
      </object_component>
      <object_component id="oc-fe">
         <name>.text:_system_pre_init</name>
         <load_address>0x9970</load_address>
         <run_address>0x9970</run_address>
         <size>0x4</size>
         <input_file_ref idref="fl-ec"/>
      </object_component>
      <object_component id="oc-1eb">
         <name>.text:abort:abort</name>
         <load_address>0x9974</load_address>
         <run_address>0x9974</run_address>
         <size>0x4</size>
         <input_file_ref idref="fl-ee"/>
      </object_component>
      <object_component id="oc-3ba">
         <name>.const:.string:_ctypes_</name>
         <load_address>0x9978</load_address>
         <run_address>0x9978</run_address>
         <size>0x101</size>
         <input_file_ref idref="fl-f3"/>
      </object_component>
      <object_component id="oc-164">
         <name>.const:g_pui32Xtals</name>
         <load_address>0x9a7c</load_address>
         <run_address>0x9a7c</run_address>
         <size>0x6c</size>
         <input_file_ref idref="fl-1e"/>
      </object_component>
      <object_component id="oc-82">
         <name>.const</name>
         <load_address>0x9ae8</load_address>
         <run_address>0x9ae8</run_address>
         <size>0x8</size>
         <input_file_ref idref="fl-12"/>
      </object_component>
      <object_component id="oc-4ae">
         <name>.cinit..data.load</name>
         <load_address>0x9af0</load_address>
         <run_address>0x9af0</run_address>
         <size>0x52</size>
      </object_component>
      <object_component id="oc-4ac">
         <name>__TI_handler_table</name>
         <load_address>0x9b44</load_address>
         <run_address>0x9b44</run_address>
         <size>0xc</size>
      </object_component>
      <object_component id="oc-4af">
         <name>.cinit..bss.load</name>
         <load_address>0x9b50</load_address>
         <run_address>0x9b50</run_address>
         <size>0x8</size>
      </object_component>
      <object_component id="oc-4ad">
         <name>__TI_cinit_table</name>
         <load_address>0x9b58</load_address>
         <run_address>0x9b58</run_address>
         <size>0x10</size>
      </object_component>
      <object_component id="oc-1e6">
         <name>.data</name>
         <load_address>0x200054a6</load_address>
         <run_address>0x200054a6</run_address>
         <size>0x1</size>
         <input_file_ref idref="fl-5"/>
      </object_component>
      <object_component id="oc-7f">
         <name>.data</name>
         <load_address>0x20005408</load_address>
         <run_address>0x20005408</run_address>
         <size>0x30</size>
         <input_file_ref idref="fl-7"/>
      </object_component>
      <object_component id="oc-23b">
         <name>.data</name>
         <load_address>0x20005498</load_address>
         <run_address>0x20005498</run_address>
         <size>0x8</size>
         <input_file_ref idref="fl-8"/>
      </object_component>
      <object_component id="oc-1bb">
         <name>.data:GPTM_EdgeTimer</name>
         <load_address>0x20005468</load_address>
         <run_address>0x20005468</run_address>
         <size>0xe</size>
         <input_file_ref idref="fl-d"/>
      </object_component>
      <object_component id="oc-d6">
         <name>.data</name>
         <load_address>0x200054a4</load_address>
         <run_address>0x200054a4</run_address>
         <size>0x2</size>
         <input_file_ref idref="fl-11"/>
      </object_component>
      <object_component id="oc-d3">
         <name>.data:GPTM_Timer0</name>
         <load_address>0x20005476</load_address>
         <run_address>0x20005476</run_address>
         <size>0xe</size>
         <input_file_ref idref="fl-11"/>
      </object_component>
      <object_component id="oc-92">
         <name>.data</name>
         <load_address>0x20005484</load_address>
         <run_address>0x20005484</run_address>
         <size>0xc</size>
         <input_file_ref idref="fl-12"/>
      </object_component>
      <object_component id="oc-254">
         <name>.data</name>
         <load_address>0x20005490</load_address>
         <run_address>0x20005490</run_address>
         <size>0x8</size>
         <input_file_ref idref="fl-14"/>
      </object_component>
      <object_component id="oc-2dd">
         <name>.data:g_pui32CPUUsageTimerPeriph</name>
         <load_address>0x20005450</load_address>
         <run_address>0x20005450</run_address>
         <size>0x18</size>
         <input_file_ref idref="fl-17"/>
      </object_component>
      <object_component id="oc-2d7">
         <name>.data:g_pui32CPUUsageTimerBase</name>
         <load_address>0x20005438</load_address>
         <run_address>0x20005438</run_address>
         <size>0x18</size>
         <input_file_ref idref="fl-17"/>
      </object_component>
      <object_component id="oc-412">
         <name>.data</name>
         <load_address>0x200054a0</load_address>
         <run_address>0x200054a0</run_address>
         <size>0x4</size>
         <input_file_ref idref="fl-f6"/>
      </object_component>
      <object_component id="oc-121">
         <name>.bss:pxReadyTasksLists</name>
         <uninitialized>true</uninitialized>
         <run_address>0x20005000</run_address>
         <size>0x140</size>
         <input_file_ref idref="fl-7"/>
      </object_component>
      <object_component id="oc-13c">
         <name>.bss:xDelayedTaskList1</name>
         <uninitialized>true</uninitialized>
         <run_address>0x20005168</run_address>
         <size>0x14</size>
         <input_file_ref idref="fl-7"/>
      </object_component>
      <object_component id="oc-13f">
         <name>.bss:xDelayedTaskList2</name>
         <uninitialized>true</uninitialized>
         <run_address>0x2000517c</run_address>
         <size>0x14</size>
         <input_file_ref idref="fl-7"/>
      </object_component>
      <object_component id="oc-133">
         <name>.bss</name>
         <uninitialized>true</uninitialized>
         <run_address>0x200051d8</run_address>
         <size>0x8</size>
         <input_file_ref idref="fl-7"/>
      </object_component>
      <object_component id="oc-130">
         <name>.bss:xPendingReadyList</name>
         <uninitialized>true</uninitialized>
         <run_address>0x20005190</run_address>
         <size>0x14</size>
         <input_file_ref idref="fl-7"/>
      </object_component>
      <object_component id="oc-124">
         <name>.bss:xTasksWaitingTermination</name>
         <uninitialized>true</uninitialized>
         <run_address>0x200051b8</run_address>
         <size>0x14</size>
         <input_file_ref idref="fl-7"/>
      </object_component>
      <object_component id="oc-12d">
         <name>.bss:xSuspendedTaskList</name>
         <uninitialized>true</uninitialized>
         <run_address>0x200051a4</run_address>
         <size>0x14</size>
         <input_file_ref idref="fl-7"/>
      </object_component>
      <object_component id="oc-241">
         <name>.bss:xActiveTimerList1</name>
         <uninitialized>true</uninitialized>
         <run_address>0x20005140</run_address>
         <size>0x14</size>
         <input_file_ref idref="fl-8"/>
      </object_component>
      <object_component id="oc-244">
         <name>.bss:xActiveTimerList2</name>
         <uninitialized>true</uninitialized>
         <run_address>0x20005154</run_address>
         <size>0x14</size>
         <input_file_ref idref="fl-8"/>
      </object_component>
      <object_component id="oc-23e">
         <name>.bss</name>
         <uninitialized>true</uninitialized>
         <run_address>0x200051e0</run_address>
         <size>0x8</size>
         <input_file_ref idref="fl-8"/>
      </object_component>
      <object_component id="oc-1b8">
         <name>.bss</name>
         <uninitialized>true</uninitialized>
         <run_address>0x20005204</run_address>
         <size>0x2</size>
         <input_file_ref idref="fl-d"/>
      </object_component>
      <object_component id="oc-25d">
         <name>.bss:ucHeap</name>
         <uninitialized>true</uninitialized>
         <run_address>0x20000000</run_address>
         <size>0x5000</size>
         <input_file_ref idref="fl-14"/>
      </object_component>
      <object_component id="oc-257">
         <name>.bss:xStart</name>
         <uninitialized>true</uninitialized>
         <run_address>0x200051f0</run_address>
         <size>0x8</size>
         <input_file_ref idref="fl-14"/>
      </object_component>
      <object_component id="oc-25a">
         <name>.bss:xEnd</name>
         <uninitialized>true</uninitialized>
         <run_address>0x200051e8</run_address>
         <size>0x8</size>
         <input_file_ref idref="fl-14"/>
      </object_component>
      <object_component id="oc-2da">
         <name>.bss</name>
         <uninitialized>true</uninitialized>
         <run_address>0x200051cc</run_address>
         <size>0xc</size>
         <input_file_ref idref="fl-17"/>
      </object_component>
      <object_component id="oc-1e7">
         <name>.common:g_ui32CPUUsage</name>
         <uninitialized>true</uninitialized>
         <run_address>0x200051f8</run_address>
         <size>0x4</size>
      </object_component>
      <object_component id="oc-d9">
         <name>.common:ultrasonic_Queue</name>
         <uninitialized>true</uninitialized>
         <run_address>0x20005200</run_address>
         <size>0x4</size>
      </object_component>
      <object_component id="oc-da">
         <name>.common:ldr_Diff_Queue</name>
         <uninitialized>true</uninitialized>
         <run_address>0x200051fc</run_address>
         <size>0x4</size>
      </object_component>
      <object_component id="oc-d0">
         <name>.common:elapsed_time_S</name>
         <uninitialized>true</uninitialized>
         <run_address>0x20005206</run_address>
         <size>0x1</size>
      </object_component>
      <object_component id="oc-24">
         <name>.stack</name>
         <uninitialized>true</uninitialized>
         <run_address>0x20005208</run_address>
         <size>0x4</size>
         <input_file_ref idref="fl-e5"/>
      </object_component>
      <object_component id="oc-4b1">
         <name>.stack</name>
         <uninitialized>true</uninitialized>
         <run_address>0x20005208</run_address>
         <size>0x0</size>
      </object_component>
      <object_component id="oc-176">
         <name>.debug_info</name>
         <load_address>0x0</load_address>
         <run_address>0x0</run_address>
         <size>0x13c</size>
         <input_file_ref idref="fl-2"/>
      </object_component>
      <object_component id="oc-155">
         <name>.debug_info</name>
         <load_address>0x13c</load_address>
         <run_address>0x13c</run_address>
         <size>0x2ef</size>
         <input_file_ref idref="fl-2"/>
      </object_component>
      <object_component id="oc-de">
         <name>.debug_info</name>
         <load_address>0x42b</load_address>
         <run_address>0x42b</run_address>
         <size>0x26b</size>
         <input_file_ref idref="fl-2"/>
      </object_component>
      <object_component id="oc-47">
         <name>.debug_info</name>
         <load_address>0x696</load_address>
         <run_address>0x696</run_address>
         <size>0x84</size>
         <input_file_ref idref="fl-2"/>
      </object_component>
      <object_component id="oc-28e">
         <name>.debug_info</name>
         <load_address>0x71a</load_address>
         <run_address>0x71a</run_address>
         <size>0xcc</size>
         <input_file_ref idref="fl-2"/>
      </object_component>
      <object_component id="oc-97">
         <name>.debug_info</name>
         <load_address>0x7e6</load_address>
         <run_address>0x7e6</run_address>
         <size>0x2c</size>
         <input_file_ref idref="fl-2"/>
      </object_component>
      <object_component id="oc-177">
         <name>.debug_info</name>
         <load_address>0x812</load_address>
         <run_address>0x812</run_address>
         <size>0x2a4</size>
         <input_file_ref idref="fl-2"/>
      </object_component>
      <object_component id="oc-a1">
         <name>.debug_info</name>
         <load_address>0xab6</load_address>
         <run_address>0xab6</run_address>
         <size>0xbb</size>
         <input_file_ref idref="fl-2"/>
      </object_component>
      <object_component id="oc-9c">
         <name>.debug_info</name>
         <load_address>0xb71</load_address>
         <run_address>0xb71</run_address>
         <size>0x53</size>
         <input_file_ref idref="fl-2"/>
      </object_component>
      <object_component id="oc-171">
         <name>.debug_info</name>
         <load_address>0xbc4</load_address>
         <run_address>0xbc4</run_address>
         <size>0x14c</size>
         <input_file_ref idref="fl-2"/>
      </object_component>
      <object_component id="oc-283">
         <name>.debug_info</name>
         <load_address>0xd10</load_address>
         <run_address>0xd10</run_address>
         <size>0x613</size>
         <input_file_ref idref="fl-3"/>
      </object_component>
      <object_component id="oc-15a">
         <name>.debug_info</name>
         <load_address>0x1323</load_address>
         <run_address>0x1323</run_address>
         <size>0x110</size>
         <input_file_ref idref="fl-3"/>
      </object_component>
      <object_component id="oc-370">
         <name>.debug_info</name>
         <load_address>0x1433</load_address>
         <run_address>0x1433</run_address>
         <size>0x39</size>
         <input_file_ref idref="fl-3"/>
      </object_component>
      <object_component id="oc-22b">
         <name>.debug_info</name>
         <load_address>0x146c</load_address>
         <run_address>0x146c</run_address>
         <size>0x46</size>
         <input_file_ref idref="fl-3"/>
      </object_component>
      <object_component id="oc-375">
         <name>.debug_info</name>
         <load_address>0x14b2</load_address>
         <run_address>0x14b2</run_address>
         <size>0x76</size>
         <input_file_ref idref="fl-3"/>
      </object_component>
      <object_component id="oc-236">
         <name>.debug_info</name>
         <load_address>0x1528</load_address>
         <run_address>0x1528</run_address>
         <size>0x2c4</size>
         <input_file_ref idref="fl-4"/>
      </object_component>
      <object_component id="oc-11c">
         <name>.debug_info</name>
         <load_address>0x17ec</load_address>
         <run_address>0x17ec</run_address>
         <size>0x447</size>
         <input_file_ref idref="fl-4"/>
      </object_component>
      <object_component id="oc-1e8">
         <name>.debug_info</name>
         <load_address>0x1c33</load_address>
         <run_address>0x1c33</run_address>
         <size>0x4f5</size>
         <input_file_ref idref="fl-5"/>
      </object_component>
      <object_component id="oc-105">
         <name>.debug_info</name>
         <load_address>0x2128</load_address>
         <run_address>0x2128</run_address>
         <size>0x3a1</size>
         <input_file_ref idref="fl-5"/>
      </object_component>
      <object_component id="oc-1ab">
         <name>.debug_info</name>
         <load_address>0x24c9</load_address>
         <run_address>0x24c9</run_address>
         <size>0x46</size>
         <input_file_ref idref="fl-5"/>
      </object_component>
      <object_component id="oc-1b0">
         <name>.debug_info</name>
         <load_address>0x250f</load_address>
         <run_address>0x250f</run_address>
         <size>0x773</size>
         <input_file_ref idref="fl-6"/>
      </object_component>
      <object_component id="oc-c2">
         <name>.debug_info</name>
         <load_address>0x2c82</load_address>
         <run_address>0x2c82</run_address>
         <size>0x21cb</size>
         <input_file_ref idref="fl-6"/>
      </object_component>
      <object_component id="oc-29e">
         <name>.debug_info</name>
         <load_address>0x4e4d</load_address>
         <run_address>0x4e4d</run_address>
         <size>0x17d</size>
         <input_file_ref idref="fl-6"/>
      </object_component>
      <object_component id="oc-230">
         <name>.debug_info</name>
         <load_address>0x4fca</load_address>
         <run_address>0x4fca</run_address>
         <size>0x35</size>
         <input_file_ref idref="fl-6"/>
      </object_component>
      <object_component id="oc-118">
         <name>.debug_info</name>
         <load_address>0x4fff</load_address>
         <run_address>0x4fff</run_address>
         <size>0x862</size>
         <input_file_ref idref="fl-7"/>
      </object_component>
      <object_component id="oc-80">
         <name>.debug_info</name>
         <load_address>0x5861</load_address>
         <run_address>0x5861</run_address>
         <size>0x2e8</size>
         <input_file_ref idref="fl-7"/>
      </object_component>
      <object_component id="oc-122">
         <name>.debug_info</name>
         <load_address>0x5b49</load_address>
         <run_address>0x5b49</run_address>
         <size>0xe4</size>
         <input_file_ref idref="fl-7"/>
      </object_component>
      <object_component id="oc-13d">
         <name>.debug_info</name>
         <load_address>0x5c2d</load_address>
         <run_address>0x5c2d</run_address>
         <size>0xe4</size>
         <input_file_ref idref="fl-7"/>
      </object_component>
      <object_component id="oc-140">
         <name>.debug_info</name>
         <load_address>0x5d11</load_address>
         <run_address>0x5d11</run_address>
         <size>0xe4</size>
         <input_file_ref idref="fl-7"/>
      </object_component>
      <object_component id="oc-134">
         <name>.debug_info</name>
         <load_address>0x5df5</load_address>
         <run_address>0x5df5</run_address>
         <size>0x126</size>
         <input_file_ref idref="fl-7"/>
      </object_component>
      <object_component id="oc-131">
         <name>.debug_info</name>
         <load_address>0x5f1b</load_address>
         <run_address>0x5f1b</run_address>
         <size>0xe4</size>
         <input_file_ref idref="fl-7"/>
      </object_component>
      <object_component id="oc-125">
         <name>.debug_info</name>
         <load_address>0x5fff</load_address>
         <run_address>0x5fff</run_address>
         <size>0xf2</size>
         <input_file_ref idref="fl-7"/>
      </object_component>
      <object_component id="oc-12e">
         <name>.debug_info</name>
         <load_address>0x60f1</load_address>
         <run_address>0x60f1</run_address>
         <size>0xe6</size>
         <input_file_ref idref="fl-7"/>
      </object_component>
      <object_component id="oc-87">
         <name>.debug_info</name>
         <load_address>0x61d7</load_address>
         <run_address>0x61d7</run_address>
         <size>0x45a1</size>
         <input_file_ref idref="fl-7"/>
      </object_component>
      <object_component id="oc-15f">
         <name>.debug_info</name>
         <load_address>0xa778</load_address>
         <run_address>0xa778</run_address>
         <size>0x169</size>
         <input_file_ref idref="fl-7"/>
      </object_component>
      <object_component id="oc-27e">
         <name>.debug_info</name>
         <load_address>0xa8e1</load_address>
         <run_address>0xa8e1</run_address>
         <size>0x2c</size>
         <input_file_ref idref="fl-7"/>
      </object_component>
      <object_component id="oc-248">
         <name>.debug_info</name>
         <load_address>0xa90d</load_address>
         <run_address>0xa90d</run_address>
         <size>0x7a3</size>
         <input_file_ref idref="fl-8"/>
      </object_component>
      <object_component id="oc-242">
         <name>.debug_info</name>
         <load_address>0xb0b0</load_address>
         <run_address>0xb0b0</run_address>
         <size>0xe5</size>
         <input_file_ref idref="fl-8"/>
      </object_component>
      <object_component id="oc-245">
         <name>.debug_info</name>
         <load_address>0xb195</load_address>
         <run_address>0xb195</run_address>
         <size>0xe5</size>
         <input_file_ref idref="fl-8"/>
      </object_component>
      <object_component id="oc-23f">
         <name>.debug_info</name>
         <load_address>0xb27a</load_address>
         <run_address>0xb27a</run_address>
         <size>0x11d</size>
         <input_file_ref idref="fl-8"/>
      </object_component>
      <object_component id="oc-23c">
         <name>.debug_info</name>
         <load_address>0xb397</load_address>
         <run_address>0xb397</run_address>
         <size>0xd9</size>
         <input_file_ref idref="fl-8"/>
      </object_component>
      <object_component id="oc-129">
         <name>.debug_info</name>
         <load_address>0xb470</load_address>
         <run_address>0xb470</run_address>
         <size>0x19e6</size>
         <input_file_ref idref="fl-8"/>
      </object_component>
      <object_component id="oc-249">
         <name>.debug_info</name>
         <load_address>0xce56</load_address>
         <run_address>0xce56</run_address>
         <size>0x1e2</size>
         <input_file_ref idref="fl-8"/>
      </object_component>
      <object_component id="oc-40">
         <name>.debug_info</name>
         <load_address>0xd038</load_address>
         <run_address>0xd038</run_address>
         <size>0x381</size>
         <input_file_ref idref="fl-9"/>
      </object_component>
      <object_component id="oc-13">
         <name>.debug_info</name>
         <load_address>0xd3b9</load_address>
         <run_address>0xd3b9</run_address>
         <size>0xee</size>
         <input_file_ref idref="fl-9"/>
      </object_component>
      <object_component id="oc-2b">
         <name>.debug_info</name>
         <load_address>0xd4a7</load_address>
         <run_address>0xd4a7</run_address>
         <size>0x26a</size>
         <input_file_ref idref="fl-9"/>
      </object_component>
      <object_component id="oc-a8">
         <name>.debug_info</name>
         <load_address>0xd711</load_address>
         <run_address>0xd711</run_address>
         <size>0x766</size>
         <input_file_ref idref="fl-a"/>
      </object_component>
      <object_component id="oc-19c">
         <name>.debug_info</name>
         <load_address>0xde77</load_address>
         <run_address>0xde77</run_address>
         <size>0x3e1</size>
         <input_file_ref idref="fl-a"/>
      </object_component>
      <object_component id="oc-1a2">
         <name>.debug_info</name>
         <load_address>0xe258</load_address>
         <run_address>0xe258</run_address>
         <size>0x328</size>
         <input_file_ref idref="fl-a"/>
      </object_component>
      <object_component id="oc-17d">
         <name>.debug_info</name>
         <load_address>0xe580</load_address>
         <run_address>0xe580</run_address>
         <size>0x51</size>
         <input_file_ref idref="fl-a"/>
      </object_component>
      <object_component id="oc-1a9">
         <name>.debug_info</name>
         <load_address>0xe5d1</load_address>
         <run_address>0xe5d1</run_address>
         <size>0x347</size>
         <input_file_ref idref="fl-b"/>
      </object_component>
      <object_component id="oc-b9">
         <name>.debug_info</name>
         <load_address>0xe918</load_address>
         <run_address>0xe918</run_address>
         <size>0xec5</size>
         <input_file_ref idref="fl-b"/>
      </object_component>
      <object_component id="oc-c6">
         <name>.debug_info</name>
         <load_address>0xf7dd</load_address>
         <run_address>0xf7dd</run_address>
         <size>0x444</size>
         <input_file_ref idref="fl-c"/>
      </object_component>
      <object_component id="oc-1c1">
         <name>.debug_info</name>
         <load_address>0xfc21</load_address>
         <run_address>0xfc21</run_address>
         <size>0x12f</size>
         <input_file_ref idref="fl-c"/>
      </object_component>
      <object_component id="oc-1b9">
         <name>.debug_info</name>
         <load_address>0xfd50</load_address>
         <run_address>0xfd50</run_address>
         <size>0x106</size>
         <input_file_ref idref="fl-d"/>
      </object_component>
      <object_component id="oc-1bc">
         <name>.debug_info</name>
         <load_address>0xfe56</load_address>
         <run_address>0xfe56</run_address>
         <size>0xf3</size>
         <input_file_ref idref="fl-d"/>
      </object_component>
      <object_component id="oc-cb">
         <name>.debug_info</name>
         <load_address>0xff49</load_address>
         <run_address>0xff49</run_address>
         <size>0x359</size>
         <input_file_ref idref="fl-d"/>
      </object_component>
      <object_component id="oc-1b5">
         <name>.debug_info</name>
         <load_address>0x102a2</load_address>
         <run_address>0x102a2</run_address>
         <size>0x594</size>
         <input_file_ref idref="fl-e"/>
      </object_component>
      <object_component id="oc-b5">
         <name>.debug_info</name>
         <load_address>0x10836</load_address>
         <run_address>0x10836</run_address>
         <size>0xa8e</size>
         <input_file_ref idref="fl-f"/>
      </object_component>
      <object_component id="oc-1a1">
         <name>.debug_info</name>
         <load_address>0x112c4</load_address>
         <run_address>0x112c4</run_address>
         <size>0x30a</size>
         <input_file_ref idref="fl-10"/>
      </object_component>
      <object_component id="oc-ad">
         <name>.debug_info</name>
         <load_address>0x115ce</load_address>
         <run_address>0x115ce</run_address>
         <size>0x111c</size>
         <input_file_ref idref="fl-10"/>
      </object_component>
      <object_component id="oc-d1">
         <name>.debug_info</name>
         <load_address>0x126ea</load_address>
         <run_address>0x126ea</run_address>
         <size>0x97a</size>
         <input_file_ref idref="fl-11"/>
      </object_component>
      <object_component id="oc-d7">
         <name>.debug_info</name>
         <load_address>0x13064</load_address>
         <run_address>0x13064</run_address>
         <size>0xf6</size>
         <input_file_ref idref="fl-11"/>
      </object_component>
      <object_component id="oc-d4">
         <name>.debug_info</name>
         <load_address>0x1315a</load_address>
         <run_address>0x1315a</run_address>
         <size>0xdb</size>
         <input_file_ref idref="fl-11"/>
      </object_component>
      <object_component id="oc-3a">
         <name>.debug_info</name>
         <load_address>0x13235</load_address>
         <run_address>0x13235</run_address>
         <size>0xce2</size>
         <input_file_ref idref="fl-11"/>
      </object_component>
      <object_component id="oc-96">
         <name>.debug_info</name>
         <load_address>0x13f17</load_address>
         <run_address>0x13f17</run_address>
         <size>0x3d3</size>
         <input_file_ref idref="fl-12"/>
      </object_component>
      <object_component id="oc-83">
         <name>.debug_info</name>
         <load_address>0x142ea</load_address>
         <run_address>0x142ea</run_address>
         <size>0x15a</size>
         <input_file_ref idref="fl-12"/>
      </object_component>
      <object_component id="oc-93">
         <name>.debug_info</name>
         <load_address>0x14444</load_address>
         <run_address>0x14444</run_address>
         <size>0x165</size>
         <input_file_ref idref="fl-12"/>
      </object_component>
      <object_component id="oc-34">
         <name>.debug_info</name>
         <load_address>0x145a9</load_address>
         <run_address>0x145a9</run_address>
         <size>0x7e9</size>
         <input_file_ref idref="fl-12"/>
      </object_component>
      <object_component id="oc-2f">
         <name>.debug_info</name>
         <load_address>0x14d92</load_address>
         <run_address>0x14d92</run_address>
         <size>0x247</size>
         <input_file_ref idref="fl-13"/>
      </object_component>
      <object_component id="oc-261">
         <name>.debug_info</name>
         <load_address>0x14fd9</load_address>
         <run_address>0x14fd9</run_address>
         <size>0x3a8</size>
         <input_file_ref idref="fl-14"/>
      </object_component>
      <object_component id="oc-25e">
         <name>.debug_info</name>
         <load_address>0x15381</load_address>
         <run_address>0x15381</run_address>
         <size>0xe0</size>
         <input_file_ref idref="fl-14"/>
      </object_component>
      <object_component id="oc-258">
         <name>.debug_info</name>
         <load_address>0x15461</load_address>
         <run_address>0x15461</run_address>
         <size>0xe0</size>
         <input_file_ref idref="fl-14"/>
      </object_component>
      <object_component id="oc-25b">
         <name>.debug_info</name>
         <load_address>0x15541</load_address>
         <run_address>0x15541</run_address>
         <size>0xdc</size>
         <input_file_ref idref="fl-14"/>
      </object_component>
      <object_component id="oc-255">
         <name>.debug_info</name>
         <load_address>0x1561d</load_address>
         <run_address>0x1561d</run_address>
         <size>0xfa</size>
         <input_file_ref idref="fl-14"/>
      </object_component>
      <object_component id="oc-137">
         <name>.debug_info</name>
         <load_address>0x15717</load_address>
         <run_address>0x15717</run_address>
         <size>0x62c</size>
         <input_file_ref idref="fl-14"/>
      </object_component>
      <object_component id="oc-314">
         <name>.debug_info</name>
         <load_address>0x15d43</load_address>
         <run_address>0x15d43</run_address>
         <size>0x62</size>
         <input_file_ref idref="fl-14"/>
      </object_component>
      <object_component id="oc-2a8">
         <name>.debug_info</name>
         <load_address>0x15da5</load_address>
         <run_address>0x15da5</run_address>
         <size>0x8b</size>
         <input_file_ref idref="fl-16"/>
      </object_component>
      <object_component id="oc-1d1">
         <name>.debug_info</name>
         <load_address>0x15e30</load_address>
         <run_address>0x15e30</run_address>
         <size>0x2c</size>
         <input_file_ref idref="fl-16"/>
      </object_component>
      <object_component id="oc-394">
         <name>.debug_info</name>
         <load_address>0x15e5c</load_address>
         <run_address>0x15e5c</run_address>
         <size>0x414</size>
         <input_file_ref idref="fl-17"/>
      </object_component>
      <object_component id="oc-2de">
         <name>.debug_info</name>
         <load_address>0x16270</load_address>
         <run_address>0x16270</run_address>
         <size>0x100</size>
         <input_file_ref idref="fl-17"/>
      </object_component>
      <object_component id="oc-2d8">
         <name>.debug_info</name>
         <load_address>0x16370</load_address>
         <run_address>0x16370</run_address>
         <size>0xfc</size>
         <input_file_ref idref="fl-17"/>
      </object_component>
      <object_component id="oc-2db">
         <name>.debug_info</name>
         <load_address>0x1646c</load_address>
         <run_address>0x1646c</run_address>
         <size>0x164</size>
         <input_file_ref idref="fl-17"/>
      </object_component>
      <object_component id="oc-1dd">
         <name>.debug_info</name>
         <load_address>0x165d0</load_address>
         <run_address>0x165d0</run_address>
         <size>0x323</size>
         <input_file_ref idref="fl-17"/>
      </object_component>
      <object_component id="oc-286">
         <name>.debug_info</name>
         <load_address>0x168f3</load_address>
         <run_address>0x168f3</run_address>
         <size>0x441</size>
         <input_file_ref idref="fl-1e"/>
      </object_component>
      <object_component id="oc-165">
         <name>.debug_info</name>
         <load_address>0x16d34</load_address>
         <run_address>0x16d34</run_address>
         <size>0x156</size>
         <input_file_ref idref="fl-1e"/>
      </object_component>
      <object_component id="oc-2c2">
         <name>.debug_info</name>
         <load_address>0x16e8a</load_address>
         <run_address>0x16e8a</run_address>
         <size>0x292</size>
         <input_file_ref idref="fl-1e"/>
      </object_component>
      <object_component id="oc-2bc">
         <name>.debug_info</name>
         <load_address>0x1711c</load_address>
         <run_address>0x1711c</run_address>
         <size>0x286</size>
         <input_file_ref idref="fl-1e"/>
      </object_component>
      <object_component id="oc-2b6">
         <name>.debug_info</name>
         <load_address>0x173a2</load_address>
         <run_address>0x173a2</run_address>
         <size>0x27a</size>
         <input_file_ref idref="fl-1e"/>
      </object_component>
      <object_component id="oc-8f">
         <name>.debug_info</name>
         <load_address>0x1761c</load_address>
         <run_address>0x1761c</run_address>
         <size>0x2be</size>
         <input_file_ref idref="fl-1e"/>
      </object_component>
      <object_component id="oc-37c">
         <name>.debug_info</name>
         <load_address>0x178da</load_address>
         <run_address>0x178da</run_address>
         <size>0x51</size>
         <input_file_ref idref="fl-1e"/>
      </object_component>
      <object_component id="oc-385">
         <name>.debug_info</name>
         <load_address>0x1792b</load_address>
         <run_address>0x1792b</run_address>
         <size>0x26b</size>
         <input_file_ref idref="fl-1e"/>
      </object_component>
      <object_component id="oc-287">
         <name>.debug_info</name>
         <load_address>0x17b96</load_address>
         <run_address>0x17b96</run_address>
         <size>0x297</size>
         <input_file_ref idref="fl-1e"/>
      </object_component>
      <object_component id="oc-380">
         <name>.debug_info</name>
         <load_address>0x17e2d</load_address>
         <run_address>0x17e2d</run_address>
         <size>0xef</size>
         <input_file_ref idref="fl-1e"/>
      </object_component>
      <object_component id="oc-168">
         <name>.debug_info</name>
         <load_address>0x17f1c</load_address>
         <run_address>0x17f1c</run_address>
         <size>0xbb</size>
         <input_file_ref idref="fl-1e"/>
      </object_component>
      <object_component id="oc-38b">
         <name>.debug_info</name>
         <load_address>0x17fd7</load_address>
         <run_address>0x17fd7</run_address>
         <size>0x3c7</size>
         <input_file_ref idref="fl-1f"/>
      </object_component>
      <object_component id="oc-2b0">
         <name>.debug_info</name>
         <load_address>0x1839e</load_address>
         <run_address>0x1839e</run_address>
         <size>0x293</size>
         <input_file_ref idref="fl-1f"/>
      </object_component>
      <object_component id="oc-2ce">
         <name>.debug_info</name>
         <load_address>0x18631</load_address>
         <run_address>0x18631</run_address>
         <size>0x2c3</size>
         <input_file_ref idref="fl-1f"/>
      </object_component>
      <object_component id="oc-2d4">
         <name>.debug_info</name>
         <load_address>0x188f4</load_address>
         <run_address>0x188f4</run_address>
         <size>0x288</size>
         <input_file_ref idref="fl-1f"/>
      </object_component>
      <object_component id="oc-2c8">
         <name>.debug_info</name>
         <load_address>0x18b7c</load_address>
         <run_address>0x18b7c</run_address>
         <size>0x295</size>
         <input_file_ref idref="fl-1f"/>
      </object_component>
      <object_component id="oc-1e1">
         <name>.debug_info</name>
         <load_address>0x18e11</load_address>
         <run_address>0x18e11</run_address>
         <size>0x213</size>
         <input_file_ref idref="fl-20"/>
      </object_component>
      <object_component id="oc-27d">
         <name>.debug_info</name>
         <load_address>0x19024</load_address>
         <run_address>0x19024</run_address>
         <size>0x333</size>
         <input_file_ref idref="fl-d7"/>
      </object_component>
      <object_component id="oc-152">
         <name>.debug_info</name>
         <load_address>0x19357</load_address>
         <run_address>0x19357</run_address>
         <size>0x1d1</size>
         <input_file_ref idref="fl-d7"/>
      </object_component>
      <object_component id="oc-274">
         <name>.debug_info</name>
         <load_address>0x19528</load_address>
         <run_address>0x19528</run_address>
         <size>0x18d</size>
         <input_file_ref idref="fl-d7"/>
      </object_component>
      <object_component id="oc-27a">
         <name>.debug_info</name>
         <load_address>0x196b5</load_address>
         <run_address>0x196b5</run_address>
         <size>0x16d</size>
         <input_file_ref idref="fl-d7"/>
      </object_component>
      <object_component id="oc-419">
         <name>.debug_info</name>
         <load_address>0x19822</load_address>
         <run_address>0x19822</run_address>
         <size>0x2c</size>
         <input_file_ref idref="fl-d7"/>
      </object_component>
      <object_component id="oc-192">
         <name>.debug_info</name>
         <load_address>0x1984e</load_address>
         <run_address>0x1984e</run_address>
         <size>0x14c</size>
         <input_file_ref idref="fl-d8"/>
      </object_component>
      <object_component id="oc-188">
         <name>.debug_info</name>
         <load_address>0x1999a</load_address>
         <run_address>0x1999a</run_address>
         <size>0x13a</size>
         <input_file_ref idref="fl-d9"/>
      </object_component>
      <object_component id="oc-18d">
         <name>.debug_info</name>
         <load_address>0x19ad4</load_address>
         <run_address>0x19ad4</run_address>
         <size>0x13a</size>
         <input_file_ref idref="fl-da"/>
      </object_component>
      <object_component id="oc-197">
         <name>.debug_info</name>
         <load_address>0x19c0e</load_address>
         <run_address>0x19c0e</run_address>
         <size>0x139</size>
         <input_file_ref idref="fl-db"/>
      </object_component>
      <object_component id="oc-4e">
         <name>.debug_info</name>
         <load_address>0x19d47</load_address>
         <run_address>0x19d47</run_address>
         <size>0x119</size>
         <input_file_ref idref="fl-dc"/>
      </object_component>
      <object_component id="oc-183">
         <name>.debug_info</name>
         <load_address>0x19e60</load_address>
         <run_address>0x19e60</run_address>
         <size>0x12e</size>
         <input_file_ref idref="fl-dd"/>
      </object_component>
      <object_component id="oc-f9">
         <name>.debug_info</name>
         <load_address>0x19f8e</load_address>
         <run_address>0x19f8e</run_address>
         <size>0x147</size>
         <input_file_ref idref="fl-de"/>
      </object_component>
      <object_component id="oc-f7">
         <name>.debug_info</name>
         <load_address>0x1a0d5</load_address>
         <run_address>0x1a0d5</run_address>
         <size>0x2d4</size>
         <input_file_ref idref="fl-df"/>
      </object_component>
      <object_component id="oc-61">
         <name>.debug_info</name>
         <load_address>0x1a3a9</load_address>
         <run_address>0x1a3a9</run_address>
         <size>0x1b5</size>
         <input_file_ref idref="fl-df"/>
      </object_component>
      <object_component id="oc-f2">
         <name>.debug_info</name>
         <load_address>0x1a55e</load_address>
         <run_address>0x1a55e</run_address>
         <size>0x46</size>
         <input_file_ref idref="fl-df"/>
      </object_component>
      <object_component id="oc-57">
         <name>.debug_info</name>
         <load_address>0x1a5a4</load_address>
         <run_address>0x1a5a4</run_address>
         <size>0x2a8</size>
         <input_file_ref idref="fl-e0"/>
      </object_component>
      <object_component id="oc-1d">
         <name>.debug_info</name>
         <load_address>0x1a84c</load_address>
         <run_address>0x1a84c</run_address>
         <size>0x1ea</size>
         <input_file_ref idref="fl-e0"/>
      </object_component>
      <object_component id="oc-52">
         <name>.debug_info</name>
         <load_address>0x1aa36</load_address>
         <run_address>0x1aa36</run_address>
         <size>0x46</size>
         <input_file_ref idref="fl-e0"/>
      </object_component>
      <object_component id="oc-ea">
         <name>.debug_info</name>
         <load_address>0x1aa7c</load_address>
         <run_address>0x1aa7c</run_address>
         <size>0x2c</size>
         <input_file_ref idref="fl-e0"/>
      </object_component>
      <object_component id="oc-e8">
         <name>.debug_info</name>
         <load_address>0x1aaa8</load_address>
         <run_address>0x1aaa8</run_address>
         <size>0x29e</size>
         <input_file_ref idref="fl-e1"/>
      </object_component>
      <object_component id="oc-18">
         <name>.debug_info</name>
         <load_address>0x1ad46</load_address>
         <run_address>0x1ad46</run_address>
         <size>0x250</size>
         <input_file_ref idref="fl-e1"/>
      </object_component>
      <object_component id="oc-42">
         <name>.debug_info</name>
         <load_address>0x1af96</load_address>
         <run_address>0x1af96</run_address>
         <size>0x60</size>
         <input_file_ref idref="fl-e1"/>
      </object_component>
      <object_component id="oc-1ca">
         <name>.debug_info</name>
         <load_address>0x1aff6</load_address>
         <run_address>0x1aff6</run_address>
         <size>0x46</size>
         <input_file_ref idref="fl-e1"/>
      </object_component>
      <object_component id="oc-e3">
         <name>.debug_info</name>
         <load_address>0x1b03c</load_address>
         <run_address>0x1b03c</run_address>
         <size>0x39</size>
         <input_file_ref idref="fl-e1"/>
      </object_component>
      <object_component id="oc-267">
         <name>.debug_info</name>
         <load_address>0x1b075</load_address>
         <run_address>0x1b075</run_address>
         <size>0x2a4</size>
         <input_file_ref idref="fl-e3"/>
      </object_component>
      <object_component id="oc-146">
         <name>.debug_info</name>
         <load_address>0x1b319</load_address>
         <run_address>0x1b319</run_address>
         <size>0x24d</size>
         <input_file_ref idref="fl-e3"/>
      </object_component>
      <object_component id="oc-269">
         <name>.debug_info</name>
         <load_address>0x1b566</load_address>
         <run_address>0x1b566</run_address>
         <size>0x28f</size>
         <input_file_ref idref="fl-e4"/>
      </object_component>
      <object_component id="oc-149">
         <name>.debug_info</name>
         <load_address>0x1b7f5</load_address>
         <run_address>0x1b7f5</run_address>
         <size>0x245</size>
         <input_file_ref idref="fl-e4"/>
      </object_component>
      <object_component id="oc-25">
         <name>.debug_info</name>
         <load_address>0x1ba3a</load_address>
         <run_address>0x1ba3a</run_address>
         <size>0x10b</size>
         <input_file_ref idref="fl-e5"/>
      </object_component>
      <object_component id="oc-6c">
         <name>.debug_info</name>
         <load_address>0x1bb45</load_address>
         <run_address>0x1bb45</run_address>
         <size>0x1a9</size>
         <input_file_ref idref="fl-e5"/>
      </object_component>
      <object_component id="oc-35f">
         <name>.debug_info</name>
         <load_address>0x1bcee</load_address>
         <run_address>0x1bcee</run_address>
         <size>0x590</size>
         <input_file_ref idref="fl-e6"/>
      </object_component>
      <object_component id="oc-32b">
         <name>.debug_info</name>
         <load_address>0x1c27e</load_address>
         <run_address>0x1c27e</run_address>
         <size>0x21e</size>
         <input_file_ref idref="fl-e6"/>
      </object_component>
      <object_component id="oc-3dc">
         <name>.debug_info</name>
         <load_address>0x1c49c</load_address>
         <run_address>0x1c49c</run_address>
         <size>0x1b3</size>
         <input_file_ref idref="fl-e6"/>
      </object_component>
      <object_component id="oc-3e2">
         <name>.debug_info</name>
         <load_address>0x1c64f</load_address>
         <run_address>0x1c64f</run_address>
         <size>0x21b</size>
         <input_file_ref idref="fl-e6"/>
      </object_component>
      <object_component id="oc-335">
         <name>.debug_info</name>
         <load_address>0x1c86a</load_address>
         <run_address>0x1c86a</run_address>
         <size>0x3c0</size>
         <input_file_ref idref="fl-e6"/>
      </object_component>
      <object_component id="oc-3ea">
         <name>.debug_info</name>
         <load_address>0x1cc2a</load_address>
         <run_address>0x1cc2a</run_address>
         <size>0x30a</size>
         <input_file_ref idref="fl-e6"/>
      </object_component>
      <object_component id="oc-3f0">
         <name>.debug_info</name>
         <load_address>0x1cf34</load_address>
         <run_address>0x1cf34</run_address>
         <size>0x215</size>
         <input_file_ref idref="fl-e6"/>
      </object_component>
      <object_component id="oc-33c">
         <name>.debug_info</name>
         <load_address>0x1d149</load_address>
         <run_address>0x1d149</run_address>
         <size>0x215</size>
         <input_file_ref idref="fl-e6"/>
      </object_component>
      <object_component id="oc-342">
         <name>.debug_info</name>
         <load_address>0x1d35e</load_address>
         <run_address>0x1d35e</run_address>
         <size>0x304</size>
         <input_file_ref idref="fl-e6"/>
      </object_component>
      <object_component id="oc-348">
         <name>.debug_info</name>
         <load_address>0x1d662</load_address>
         <run_address>0x1d662</run_address>
         <size>0x4b5</size>
         <input_file_ref idref="fl-e6"/>
      </object_component>
      <object_component id="oc-26c">
         <name>.debug_info</name>
         <load_address>0x1db17</load_address>
         <run_address>0x1db17</run_address>
         <size>0x5f4</size>
         <input_file_ref idref="fl-e6"/>
      </object_component>
      <object_component id="oc-360">
         <name>.debug_info</name>
         <load_address>0x1e10b</load_address>
         <run_address>0x1e10b</run_address>
         <size>0x86</size>
         <input_file_ref idref="fl-e6"/>
      </object_component>
      <object_component id="oc-41e">
         <name>.debug_info</name>
         <load_address>0x1e191</load_address>
         <run_address>0x1e191</run_address>
         <size>0x39</size>
         <input_file_ref idref="fl-e6"/>
      </object_component>
      <object_component id="oc-46d">
         <name>.debug_info</name>
         <load_address>0x1e1ca</load_address>
         <run_address>0x1e1ca</run_address>
         <size>0xb6</size>
         <input_file_ref idref="fl-e6"/>
      </object_component>
      <object_component id="oc-423">
         <name>.debug_info</name>
         <load_address>0x1e280</load_address>
[...]
      </symbol>
      <symbol id="sm-5e8">
         <name>ADC_Init</name>
         <value>0x6afd</value>
         <object_component_ref idref="oc-1b1"/>
      </symbol>
      <symbol id="sm-5e9">
         <name>ADC_sequencer_EN</name>
         <value>0x68b1</value>
         <object_component_ref idref="oc-1b1"/>
      </symbol>
      <symbol id="sm-5ea">
         <name>ADC_Read</name>
         <value>0x69a9</value>
         <object_component_ref idref="oc-1b1"/>
      </symbol>
      <symbol id="sm-6db">
         <name>DIO_InitPin</name>
         <value>0x4079</value>
         <object_component_ref idref="oc-b2"/>
      </symbol>
      <symbol id="sm-6dc">
         <name>DIO_TogglePin</name>
         <value>0x4669</value>
         <object_component_ref idref="oc-b2"/>
      </symbol>
      <symbol id="sm-6dd">
         <name>WriteDataBIT</name>
         <value>0x3c9d</value>
         <object_component_ref idref="oc-b2"/>
      </symbol>
      <symbol id="sm-6de">
         <name>ClearDataBIT</name>
         <value>0x3df1</value>
         <object_component_ref idref="oc-b2"/>
      </symbol>
      <symbol id="sm-6df">
         <name>DIO_ReadPin</name>
         <value>0x4575</value>
         <object_component_ref idref="oc-b2"/>
      </symbol>
      <symbol id="sm-6e0">
         <name>Interrupt_Edge_InitPin</name>
         <value>0x47a9</value>
         <object_component_ref idref="oc-b2"/>
      </symbol>
      <symbol id="sm-6e1">
         <name>DIO_WritePin</name>
         <value>0x4419</value>
         <object_component_ref idref="oc-b2"/>
      </symbol>
      <symbol id="sm-6e2">
         <name>DIO_WritePort</name>
         <value>0x4725</value>
         <object_component_ref idref="oc-b2"/>
      </symbol>
      <symbol id="sm-6e3">
         <name>_delay_ms</name>
         <value>0x4abf</value>
         <object_component_ref idref="oc-b2"/>
      </symbol>
      <symbol id="sm-6e4">
         <name>ReadDataBIT</name>
         <value>0x3e8f</value>
         <object_component_ref idref="oc-b2"/>
      </symbol>
      <symbol id="sm-6e5">
         <name>WriteDataBITS</name>
         <value>0x3d5b</value>
         <object_component_ref idref="oc-b2"/>
      </symbol>
      <symbol id="sm-6e6">
         <name>DIO_PORT_Init</name>
         <value>0x3f45</value>
         <object_component_ref idref="oc-b2"/>
      </symbol>
      <symbol id="sm-6e7">
         <name>_delay_us</name>
         <value>0x4b09</value>
         <object_component_ref idref="oc-b2"/>
      </symbol>
      <symbol id="sm-967">
         <name>GPTM_TAILR_Value_Loud</name>
         <value>0x2ca5</value>
         <object_component_ref idref="oc-ac"/>
      </symbol>
      <symbol id="sm-968">
         <name>GPTM_PWM_Freq_KHZ</name>
         <value>0x3c21</value>
         <object_component_ref idref="oc-ac"/>
      </symbol>
      <symbol id="sm-969">
         <name>GPTM_CCP_PinInit</name>
         <value>0x2d81</value>
         <object_component_ref idref="oc-ac"/>
      </symbol>
      <symbol id="sm-96a">
         <name>GPTM_Disable</name>
         <value>0x211d</value>
         <object_component_ref idref="oc-ac"/>
      </symbol>
      <symbol id="sm-96b">
         <name>GPTM_Init</name>
         <value>0x2255</value>
         <object_component_ref idref="oc-ac"/>
      </symbol>
      <symbol id="sm-96c">
         <name>GPTM_PWM_Duty_Cycle</name>
         <value>0x39bd</value>
         <object_component_ref idref="oc-ac"/>
      </symbol>
      <symbol id="sm-96d">
         <name>GPTM_PWM_PinInit</name>
         <value>0x37c5</value>
         <object_component_ref idref="oc-ac"/>
      </symbol>
      <symbol id="sm-96e">
         <name>GPTM_PWM_init</name>
         <value>0x32dd</value>
         <object_component_ref idref="oc-ac"/>
      </symbol>
      <symbol id="sm-96f">
         <name>GPTM_Enable</name>
         <value>0x203f</value>
         <object_component_ref idref="oc-ac"/>
      </symbol>
      <symbol id="sm-970">
         <name>GPTM_capture_read</name>
         <value>0x1f89</value>
         <object_component_ref idref="oc-ac"/>
      </symbol>
      <symbol id="sm-971">
         <name>TimerA_Capture_PulseWidth</name>
         <value>0x2e59</value>
         <object_component_ref idref="oc-ac"/>
      </symbol>
      <symbol id="sm-9b2">
         <name>ultrasonic_Queue</name>
         <value>0x20005200</value>
      </symbol>
      <symbol id="sm-9b3">
         <name>ldr_Diff_Queue</name>
         <value>0x200051fc</value>
      </symbol>
      <symbol id="sm-9b4">
         <name>elapsed_time_S</name>
         <value>0x20005206</value>
      </symbol>
      <symbol id="sm-9b5">
         <name>Task_3_UltraSonic</name>
         <value>0x756f</value>
         <object_component_ref idref="oc-38"/>
      </symbol>
      <symbol id="sm-9b6">
         <name>system_config</name>
         <value>0x744f</value>
         <object_component_ref idref="oc-38"/>
      </symbol>
      <symbol id="sm-9b7">
         <name>GPTM_Timer0</name>
         <value>0x20005476</value>
         <object_component_ref idref="oc-d3"/>
      </symbol>
      <symbol id="sm-9b8">
         <name>Task_2_LCD_Display</name>
         <value>0x7515</value>
         <object_component_ref idref="oc-38"/>
      </symbol>
      <symbol id="sm-9b9">
         <name>toggle</name>
         <value>0x200054a5</value>
         <object_component_ref idref="oc-d6"/>
      </symbol>
      <symbol id="sm-9ba">
         <name>Task_1_LDR</name>
         <value>0x74cd</value>
         <object_component_ref idref="oc-38"/>
      </symbol>
      <symbol id="sm-9bb">
         <name>start_flag</name>
         <value>0x200054a4</value>
         <object_component_ref idref="oc-d6"/>
      </symbol>
      <symbol id="sm-9bc">
         <name>Task_4_MOTORS</name>
         <value>0x75b5</value>
         <object_component_ref idref="oc-38"/>
      </symbol>
      <symbol id="sm-9bd">
         <name>GPIOFIntHandler</name>
         <value>0x737f</value>
         <object_component_ref idref="oc-38"/>
      </symbol>
      <symbol id="sm-9be">
         <name>LCD_Display</name>
         <value>0x73f3</value>
         <object_component_ref idref="oc-38"/>
      </symbol>
      <symbol id="sm-9bf">
         <name>Int_Timer0_Handler</name>
         <value>0x7319</value>
         <object_component_ref idref="oc-38"/>
      </symbol>
      <symbol id="sm-a0b">
         <name>ulMaxSyscallInterruptPriority</name>
         <value>0x9ae8</value>
         <object_component_ref idref="oc-82"/>
      </symbol>
      <symbol id="sm-a0c">
         <name>vPortSetupTimerInterrupt</name>
         <value>0x7865</value>
         <object_component_ref idref="oc-32"/>
      </symbol>
      <symbol id="sm-a0d">
         <name>vPortEndScheduler</name>
         <value>0x77ad</value>
         <object_component_ref idref="oc-32"/>
      </symbol>
      <symbol id="sm-a0e">
         <name>xPortSysTickHandler</name>
         <value>0x783f</value>
         <object_component_ref idref="oc-32"/>
      </symbol>
      <symbol id="sm-a0f">
         <name>vPortValidateInterruptPriority</name>
         <value>0x7881</value>
         <object_component_ref idref="oc-32"/>
      </symbol>
      <symbol id="sm-a10">
         <name>pxPortInitialiseStack</name>
         <value>0x7691</value>
         <object_component_ref idref="oc-32"/>
      </symbol>
      <symbol id="sm-a11">
         <name>vPortExitCritical</name>
         <value>0x7813</value>
         <object_component_ref idref="oc-32"/>
      </symbol>
      <symbol id="sm-a12">
         <name>xPortStartScheduler</name>
         <value>0x7719</value>
         <object_component_ref idref="oc-32"/>
      </symbol>
      <symbol id="sm-a13">
         <name>vPortEnterCritical</name>
         <value>0x77d1</value>
         <object_component_ref idref="oc-32"/>
      </symbol>
      <symbol id="sm-a22">
         <name>vPortStartFirstTask</name>
         <value>0x8de5</value>
         <object_component_ref idref="oc-2d"/>
      </symbol>
      <symbol id="sm-a23">
         <name>ulPortGetIPSR</name>
         <value>0x8d4d</value>
         <object_component_ref idref="oc-2d"/>
      </symbol>
      <symbol id="sm-a24">
         <name>vPortEnableVFP</name>
         <value>0x8e01</value>
         <object_component_ref idref="oc-2d"/>
      </symbol>
      <symbol id="sm-a25">
         <name>xPortPendSVHandler</name>
         <value>0x8d65</value>
         <object_component_ref idref="oc-2d"/>
      </symbol>
      <symbol id="sm-a26">
         <name>vPortSVCHandler</name>
         <value>0x8dc5</value>
         <object_component_ref idref="oc-2d"/>
      </symbol>
      <symbol id="sm-a6e">
         <name>vPortInitialiseBlocks</name>
         <value>0x80c1</value>
         <object_component_ref idref="oc-136"/>
      </symbol>
      <symbol id="sm-a6f">
         <name>xPortGetFreeHeapSize</name>
         <value>0x80bb</value>
         <object_component_ref idref="oc-136"/>
      </symbol>
      <symbol id="sm-a70">
         <name>pvPortMalloc</name>
         <value>0x7f5d</value>
         <object_component_ref idref="oc-136"/>
      </symbol>
      <symbol id="sm-a71">
         <name>vPortFree</name>
         <value>0x805d</value>
         <object_component_ref idref="oc-136"/>
      </symbol>
      <symbol id="sm-aa7">
         <name>CPUUsageInit</name>
         <value>0x8f19</value>
         <object_component_ref idref="oc-1da"/>
      </symbol>
      <symbol id="sm-aa8">
         <name>CPUUsageTick</name>
         <value>0x8ee1</value>
         <object_component_ref idref="oc-1da"/>
      </symbol>
      <symbol id="sm-b0e">
         <name>SysCtlPeripheralClockGating</name>
         <value>0x95e9</value>
         <object_component_ref idref="oc-2b3"/>
      </symbol>
      <symbol id="sm-b0f">
         <name>SysCtlPeripheralEnable</name>
         <value>0x9781</value>
         <object_component_ref idref="oc-2b9"/>
      </symbol>
      <symbol id="sm-b10">
         <name>SysCtlPeripheralSleepDisable</name>
         <value>0x97b5</value>
         <object_component_ref idref="oc-2bf"/>
      </symbol>
      <symbol id="sm-b11">
         <name>SysCtlClockGet</name>
         <value>0x8a19</value>
         <object_component_ref idref="oc-8c"/>
      </symbol>
      <symbol id="sm-b3d">
         <name>TimerLoadSet</name>
         <value>0x98f7</value>
         <object_component_ref idref="oc-2cb"/>
      </symbol>
      <symbol id="sm-b3e">
         <name>TimerEnable</name>
         <value>0x991b</value>
         <object_component_ref idref="oc-2d1"/>
      </symbol>
      <symbol id="sm-b3f">
         <name>TimerValueGet</name>
         <value>0x994f</value>
         <object_component_ref idref="oc-2ad"/>
      </symbol>
      <symbol id="sm-b40">
         <name>TimerConfigure</name>
         <value>0x9441</value>
         <object_component_ref idref="oc-2c5"/>
      </symbol>
      <symbol id="sm-b4a">
         <name>CPUwfi</name>
         <value>0x996d</value>
         <object_component_ref idref="oc-1e0"/>
      </symbol>
      <symbol id="sm-b72">
         <name>sprintf</name>
         <value>0x9701</value>
         <object_component_ref idref="oc-14e"/>
      </symbol>
      <symbol id="sm-b89">
         <name>__aeabi_dsub</name>
         <value>0x811d</value>
         <object_component_ref idref="oc-191"/>
      </symbol>
      <symbol id="sm-b8a">
         <name>__aeabi_dadd</name>
         <value>0x8127</value>
         <object_component_ref idref="oc-191"/>
      </symbol>
      <symbol id="sm-b9e">
         <name>__aeabi_ddiv</name>
         <value>0x856d</value>
         <object_component_ref idref="oc-187"/>
      </symbol>
      <symbol id="sm-ba9">
         <name>__aeabi_dmul</name>
         <value>0x8c41</value>
         <object_component_ref idref="oc-18c"/>
      </symbol>
      <symbol id="sm-bb3">
         <name>__aeabi_d2uiz</name>
         <value>0x96bd</value>
         <object_component_ref idref="oc-196"/>
      </symbol>
      <symbol id="sm-bce">
         <name>memcpy</name>
         <value>0x904f</value>
         <object_component_ref idref="oc-4c"/>
      </symbol>
      <symbol id="sm-bcf">
         <name>__aeabi_memcpy</name>
         <value>0x904f</value>
         <object_component_ref idref="oc-4c"/>
      </symbol>
      <symbol id="sm-bd0">
         <name>__aeabi_memcpy8</name>
         <value>0x904f</value>
         <object_component_ref idref="oc-4c"/>
      </symbol>
      <symbol id="sm-bd1">
         <name>__aeabi_memcpy4</name>
         <value>0x904f</value>
         <object_component_ref idref="oc-4c"/>
      </symbol>
      <symbol id="sm-bdb">
         <name>__aeabi_ui2d</name>
         <value>0x984b</value>
         <object_component_ref idref="oc-182"/>
      </symbol>
      <symbol id="sm-bea">
         <name>__aeabi_memset</name>
         <value>0x928f</value>
         <object_component_ref idref="oc-f8"/>
      </symbol>
      <symbol id="sm-beb">
         <name>memset</name>
         <value>0x9295</value>
         <object_component_ref idref="oc-f8"/>
      </symbol>
      <symbol id="sm-bec">
         <name>__aeabi_memset8</name>
         <value>0x928f</value>
         <object_component_ref idref="oc-f8"/>
      </symbol>
      <symbol id="sm-bed">
         <name>__aeabi_memset4</name>
         <value>0x928f</value>
         <object_component_ref idref="oc-f8"/>
      </symbol>
      <symbol id="sm-bee">
         <name>__aeabi_memclr8</name>
         <value>0x928d</value>
         <object_component_ref idref="oc-f8"/>
      </symbol>
      <symbol id="sm-bef">
         <name>__aeabi_memclr4</name>
         <value>0x928d</value>
         <object_component_ref idref="oc-f8"/>
      </symbol>
      <symbol id="sm-bf0">
         <name>__aeabi_memclr</name>
         <value>0x928d</value>
         <object_component_ref idref="oc-f8"/>
      </symbol>
      <symbol id="sm-c02">
         <name>__TI_zero_init</name>
         <value>0x9937</value>
         <object_component_ref idref="oc-5e"/>
      </symbol>
      <symbol id="sm-c19">
         <name>__TI_decompress_none</name>
         <value>0x9929</value>
         <object_component_ref idref="oc-1b"/>
      </symbol>
      <symbol id="sm-c3c">
         <name>__TI_decompress_lzss</name>
         <value>0x9375</value>
         <object_component_ref idref="oc-15"/>
      </symbol>
      <symbol id="sm-c4b">
         <name>strcpy</name>
         <value>0x98cf</value>
         <object_component_ref idref="oc-142"/>
      </symbol>
      <symbol id="sm-c59">
         <name>strlen</name>
         <value>0x98e3</value>
         <object_component_ref idref="oc-148"/>
      </symbol>
      <symbol id="sm-c6c">
         <name>__stack</name>
         <value>0x20005208</value>
         <object_component_ref idref="oc-24"/>
      </symbol>
      <symbol id="sm-c6d">
         <name>_c_int00_noargs</name>
         <value>0x97e9</value>
         <object_component_ref idref="oc-6a"/>
      </symbol>
      <symbol id="sm-dd2">
         <name>__TI_printfi</name>
         <value>0x5799</value>
         <object_component_ref idref="oc-26a"/>
      </symbol>
      <symbol id="sm-df4">
         <name>__aeabi_cdcmpeq</name>
         <value>0x9181</value>
         <object_component_ref idref="oc-32f"/>
      </symbol>
      <symbol id="sm-df5">
         <name>__aeabi_cdcmple</name>
         <value>0x9181</value>
         <object_component_ref idref="oc-32f"/>
      </symbol>
      <symbol id="sm-df6">
         <name>__aeabi_cdrcmple</name>
         <value>0x9207</value>
         <object_component_ref idref="oc-3c6"/>
      </symbol>
      <symbol id="sm-e00">
         <name>__aeabi_d2iz</name>
         <value>0x9631</value>
         <object_component_ref idref="oc-3cb"/>
      </symbol>
      <symbol id="sm-e0a">
         <name>__aeabi_i2d</name>
         <value>0x981d</value>
         <object_component_ref idref="oc-3d6"/>
      </symbol>
      <symbol id="sm-e17">
         <name>__aeabi_uldivmod</name>
         <value>0x90eb</value>
         <object_component_ref idref="oc-3bf"/>
      </symbol>
      <symbol id="sm-e3f">
         <name>__TI_auto_init_nobinit_nopinit</name>
         <value>0x9679</value>
         <object_component_ref idref="oc-1f7"/>
      </symbol>
      <symbol id="sm-e49">
         <name>_system_pre_init</name>
         <value>0x9971</value>
         <object_component_ref idref="oc-fe"/>
      </symbol>
      <symbol id="sm-e55">
         <name>C$$EXIT</name>
         <value>0x9975</value>
         <object_component_ref idref="oc-1eb"/>
      </symbol>
      <symbol id="sm-e56">
         <name>abort</name>
         <value>0x9975</value>
         <object_component_ref idref="oc-1eb"/>
      </symbol>
      <symbol id="sm-e66">
         <name>__TI_ltoa</name>
         <value>0x94f7</value>
         <object_component_ref idref="oc-3d0"/>
      </symbol>
      <symbol id="sm-e7d">
         <name>atoi</name>
         <value>0x959d</value>
         <object_component_ref idref="oc-323"/>
      </symbol>
      <symbol id="sm-e88">
         <name>_ctypes_</name>
         <value>0x9978</value>
         <object_component_ref idref="oc-3ba"/>
      </symbol>
      <symbol id="sm-e98">
         <name>memccpy</name>
         <value>0x986b</value>
         <object_component_ref idref="oc-34c"/>
      </symbol>
      <symbol id="sm-ea8">
         <name>strchr</name>
         <value>0x98b9</value>
         <object_component_ref idref="oc-402"/>
      </symbol>
      <symbol id="sm-ebe">
         <name>__aeabi_errno_addr</name>
         <value>0x9965</value>
         <object_component_ref idref="oc-358"/>
      </symbol>
      <symbol id="sm-ebf">
         <name>errno</name>
         <value>0x200054a0</value>
         <object_component_ref idref="oc-412"/>
      </symbol>
      <symbol id="sm-ed8">
         <name>wcslen</name>
         <value>0x9909</value>
         <object_component_ref idref="oc-352"/>
      </symbol>
      <symbol id="sm-ef8">
         <name>frexpl</name>
         <value>0x93dd</value>
         <object_component_ref idref="oc-3f6"/>
      </symbol>
      <symbol id="sm-ef9">
         <name>frexp</name>
         <value>0x93dd</value>
         <object_component_ref idref="oc-3f6"/>
      </symbol>
      <symbol id="sm-f16">
         <name>scalbn</name>
         <value>0x8b31</value>
         <object_component_ref idref="oc-3fc"/>
      </symbol>
      <symbol id="sm-f17">
         <name>scalbnl</name>
         <value>0x8b31</value>
         <object_component_ref idref="oc-3fc"/>
      </symbol>
      <symbol id="sm-f18">
         <name>ldexpl</name>
         <value>0x8b31</value>
         <object_component_ref idref="oc-3fc"/>
      </symbol>
      <symbol id="sm-f19">
         <name>ldexp</name>
         <value>0x8b31</value>
         <object_component_ref idref="oc-3fc"/>
      </symbol>
      <symbol id="sm-f23">
         <name>__aeabi_idiv0</name>
         <value>0x61e7</value>
         <object_component_ref idref="oc-440"/>
      </symbol>
      <symbol id="sm-f24">
         <name>__aeabi_ldiv0</name>
         <value>0x61e7</value>
         <object_component_ref idref="oc-440"/>
      </symbol>
      <symbol id="sm-f2e">
         <name>copysign</name>
         <value>0x9887</value>
         <object_component_ref idref="oc-456"/>
      </symbol>
      <symbol id="sm-f2f">
         <name>copysignl</name>
         <value>0x9887</value>
         <object_component_ref idref="oc-456"/>
      </symbol>
      <symbol id="sm-f30">
         <name>__TI_static_base__</name>
         <value>0x0</value>
      </symbol>
      <symbol id="sm-f33">
         <name>__mpu_init</name>
         <value>0x0</value>
      </symbol>
      <symbol id="sm-f34">
         <name>_system_post_cinit</name>
         <value>0x0</value>
      </symbol>
      <symbol id="sm-f35">
         <name>SysCtlSleep</name>
         <value>0x996d</value>
      </symbol>
   </symbol_table>
   <title>Link successful</title>
</link_info>
