******************************************************************************
                  TI ARM Linker PC v16.9.4                     
******************************************************************************
>> Linked Wed Sep 13 20:07:42 2023

OUTPUT FILE NAME:   <Autonomous_Car_RTOS.out>
ENTRY POINT SYMBOL: "_c_int00"  address: 000046b1


MEMORY CONFIGURATION

         name            origin    length      used     unused   attr    fill
----------------------  --------  ---------  --------  --------  ----  --------
  FLASH                 00000000   00040000  000048ae  0003b752  R  X
  SRAM                  20000000   00008000  00000268  00007d98  RW X


SEGMENT ALLOCATION MAP

run origin  load origin   length   init length attrs members
----------  ----------- ---------- ----------- ----- -------
00000000    00000000    000048b0   000048b0    r-x
  00000000    00000000    0000026c   0000026c    r-- .intvecs
  0000026c    0000026c    000045f2   000045f2    r-x .text
  00004860    00004860    00000050   00000050    r-- .cinit
20000000    20000000    0000026b   00000000    rw-
  20000000    20000000    00000200   00000000    rw- .stack
  20000200    20000200    0000004d   00000000    rw- .data
  20000250    20000250    0000001b   00000000    rw- .bss


SECTION ALLOCATION MAP

 output                                  attributes/
section   page    origin      length       input sections
--------  ----  ----------  ----------   ----------------
.intvecs   0    00000000    0000026c     
                  00000000    0000026c     tm4c123gh6pm_startup_ccs.obj (.intvecs)

.text      0    0000026c    000045f2     
                  0000026c    00001d00     Tiva_GPTM_Timers.obj (.text)
                  00001f6c    00000f28     Tiva_DIO.obj (.text)
                  00002e94    00000574     ADC.obj (.text)
                  00003408    000004e4     LCD_Driver.obj (.text)
                  000038ec    00000250     main.obj (.text)
                  00003b3c    00000208     DC_motor.obj (.text)
                  00003d44    000001b6     rtsv7M4_T_le_v4SPD16_eabi.lib : fd_add_t2.obj (.text)
                  00003efa    00000002                                   : mpu_init.obj (.text)
                  00003efc    0000015c     Sensor.obj (.text)
                  00004058    00000136     rtsv7M4_T_le_v4SPD16_eabi.lib : fd_div_t2.obj (.text)
                  0000418e    000000fc                                   : fd_mul_t2.obj (.text)
                  0000428a    00000002                                   : startup.obj (.text)
                  0000428c    000000d8     ultraSonic.obj (.text)
                  00004364    000000c0     systick.obj (.text)
                  00004424    0000009c     rtsv7M4_T_le_v4SPD16_eabi.lib : memcpy_t2.obj (.text)
                  000044c0    0000009c     scheduler.obj (.text)
                  0000455c    0000007a     rtsv7M4_T_le_v4SPD16_eabi.lib : memset_t2.obj (.text)
                  000045d6    00000002     --HOLE-- [fill = 0]
                  000045d8    00000070                                   : autoinit.obj (.text)
                  00004648    00000068                                   : copy_decompress_lzss.obj (.text:decompress:lzss)
                  000046b0    00000054                                   : boot.obj (.text)
                  00004704    00000054                                   : exit.obj (.text)
                  00004758    0000004c                                   : cpy_tbl.obj (.text)
                  000047a4    00000044                                   : fd_tou_t2.obj (.text)
                  000047e8    00000020                                   : u_tofd_t2.obj (.text)
                  00004808    00000018                                   : args_main.obj (.text)
                  00004820    00000014                                   : _lock.obj (.text)
                  00004834    0000000e                                   : copy_decompress_none.obj (.text:decompress:none)
                  00004842    0000000c                                   : copy_zero_init.obj (.text:decompress:ZI)
                  0000484e    0000000c     tm4c123gh6pm_startup_ccs.obj (.text)
                  0000485a    00000004     rtsv7M4_T_le_v4SPD16_eabi.lib : pre_init.obj (.text)

.cinit     0    00004860    00000050     
                  00004860    0000002c     (.cinit..data.load) [load image, compression = lzss]
                  0000488c    0000000c     (__TI_handler_table)
                  00004898    00000008     (.cinit..bss.load) [load image, compression = zero_init]
                  000048a0    00000010     (__TI_cinit_table)

.init_array 
*          0    00000000    00000000     UNINITIALIZED

.stack     0    20000000    00000200     UNINITIALIZED
                  20000000    00000200     --HOLE--

.data      0    20000200    0000004d     UNINITIALIZED
                  20000200    00000018     main.obj (.data)
                  20000218    0000000e     ultraSonic.obj (.data:GPTM_EdgeTimer)
                  20000226    0000000e     main.obj (.data:GPTM_Timer0)
                  20000234    0000000c     rtsv7M4_T_le_v4SPD16_eabi.lib : exit.obj (.data:$O1$$)
                  20000240    00000008                                   : _lock.obj (.data:$O1$$)
                  20000248    00000004                                   : stkdepth_vars.obj (.data)
                  2000024c    00000001     scheduler.obj (.data)

.bss       0    20000250    0000001b     UNINITIALIZED
                  20000250    00000018     (.common:task_Control_Block)
                  20000268    00000002     ultraSonic.obj (.bss)
                  2000026a    00000001     (.common:elapsed_time_S)

MODULE SUMMARY

       Module                         code    ro data   rw data
       ------                         ----    -------   -------
    .\
       tm4c123gh6pm_startup_ccs.obj   12      620       0      
       main.obj                       592     0         39     
    +--+------------------------------+-------+---------+---------+
       Total:                         604     620       39     
                                                               
    .\HAL\DC_motor\
       DC_motor.obj                   520     0         0      
    +--+------------------------------+-------+---------+---------+
       Total:                         520     0         0      
                                                               
    .\HAL\LCD_Driver\
       LCD_Driver.obj                 1252    0         0      
    +--+------------------------------+-------+---------+---------+
       Total:                         1252    0         0      
                                                               
    .\HAL\Sensors\
       Sensor.obj                     348     0         0      
    +--+------------------------------+-------+---------+---------+
       Total:                         348     0         0      
                                                               
    .\HAL\ultraSonic\
       ultraSonic.obj                 216     0         16     
    +--+------------------------------+-------+---------+---------+
       Total:                         216     0         16     
                                                               
    .\MCAL\Tiva_ADC\
       ADC.obj                        1396    0         0      
    +--+------------------------------+-------+---------+---------+
       Total:                         1396    0         0      
                                                               
    .\MCAL\Tiva_DIO\
       Tiva_DIO.obj                   3880    0         0      
    +--+------------------------------+-------+---------+---------+
       Total:                         3880    0         0      
                                                               
    .\MCAL\Tiva_GPTM_Timers\
       Tiva_GPTM_Timers.obj           7424    0         0      
    +--+------------------------------+-------+---------+---------+
       Total:                         7424    0         0      
                                                               
    .\MCAL\systick\
       systick.obj                    192     0         0      
    +--+------------------------------+-------+---------+---------+
       Total:                         192     0         0      
                                                               
    .\scheduler\
       scheduler.obj                  156     0         25     
    +--+------------------------------+-------+---------+---------+
       Total:                         156     0         25     
                                                               
    C:\ti\ccsv7\tools\compiler\ti-cgt-arm_16.9.4.LTS\lib\rtsv7M4_T_le_v4SPD16_eabi.lib
       fd_add_t2.obj                  438     0         0      
       fd_div_t2.obj                  310     0         0      
       fd_mul_t2.obj                  252     0         0      
       memcpy_t2.obj                  156     0         0      
       memset_t2.obj                  122     0         0      
       autoinit.obj                   112     0         0      
       copy_decompress_lzss.obj       104     0         0      
       exit.obj                       84      0         12     
       boot.obj                       84      0         0      
       cpy_tbl.obj                    76      0         0      
       fd_tou_t2.obj                  68      0         0      
       u_tofd_t2.obj                  32      0         0      
       _lock.obj                      20      0         8      
       args_main.obj                  24      0         0      
       copy_decompress_none.obj       14      0         0      
       copy_zero_init.obj             12      0         0      
       pre_init.obj                   4       0         0      
       stkdepth_vars.obj              0       0         4      
       mpu_init.obj                   2       0         0      
       startup.obj                    2       0         0      
    +--+------------------------------+-------+---------+---------+
       Total:                         1916    0         24     
                                                               
       Stack:                         0       0         512    
       Linker Generated:              0       80        0      
    +--+------------------------------+-------+---------+---------+
       Grand Total:                   17904   700       616    


LINKER GENERATED COPY TABLES

__TI_cinit_table @ 000048a0 records: 2, size/record: 8, table size: 16
	.data: load addr=00004860, load size=0000002c bytes, run addr=20000200, run size=0000004d bytes, compression=lzss
	.bss: load addr=00004898, load size=00000008 bytes, run addr=20000250, run size=0000001b bytes, compression=zero_init


LINKER GENERATED HANDLER TABLE

__TI_handler_table @ 0000488c records: 3, size/record: 4, table size: 12
	index: 0, handler: __TI_decompress_lzss
	index: 1, handler: __TI_decompress_none
	index: 2, handler: __TI_zero_init


GLOBAL SYMBOLS: SORTED ALPHABETICALLY BY Name 

address   name                           
-------   ----                           
000030e5  ADC_Init                       
00003efd  ADC_Init_Temperature           
00002f8d  ADC_Read                       
00002e95  ADC_sequencer_EN               
00004705  C$$EXIT                        
000020c1  ClearDataBIT                   
00002349  DIO_InitPin                    
00002215  DIO_PORT_Init                  
00002845  DIO_ReadPin                    
00002939  DIO_TogglePin                  
000026e9  DIO_WritePin                   
000029f5  DIO_WritePort                  
00003925  GPIOF_Handler                  
00001065  GPTM_CCP_PinInit               
00000401  GPTM_Disable                   
20000218  GPTM_EdgeTimer                 
00000323  GPTM_Enable                    
00000539  GPTM_Init                      
00001c8d  GPTM_PWM_Duty_Cycle            
00001ef1  GPTM_PWM_Freq_KHZ              
00001a95  GPTM_PWM_PinInit               
000015ad  GPTM_PWM_init                  
00000f89  GPTM_TAILR_Value_Loud          
20000226  GPTM_Timer0                    
0000026d  GPTM_capture_read              
000038ed  Int_Timer0A_Handler            
00002a79  Interrupt_Edge_InitPin         
00003789  LCD_Clear                      
00003a89  LCD_Display                    
000035a5  LCD_Init                       
00003793  LCD_SetCursor                  
0000365d  LCD_WriteChar                  
00003409  LCD_WriteCommand               
000034d7  LCD_WriteData                  
0000369d  LCD_WriteNumber                
0000373d  LCD_WriteNumberInBinary        
00003897  LCD_WriteNumber_2D             
0000383f  LCD_WriteNumber_3D             
000037c7  LCD_WriteNumber_4D             
0000366d  LCD_WriteString                
00003fed  LDR_Left_Init                  
0000400b  LDR_Left_Read                  
00003fdd  LDR_Right_Init                 
00003ffd  LDR_Right_Read                 
0000215f  ReadDataBIT                    
0000484f  ResetISR                       
UNDEFED   SHT$$INIT_ARRAY$$Base          
UNDEFED   SHT$$INIT_ARRAY$$Limit         
00004397  SysTick_Disable                
000043a3  SysTick_Enable                 
00004365  SysTick_Init                   
000043af  SysTick_Read_COUNT             
000043bd  SysTick_Read_ms                
000043c3  SysTick_Reload_ms              
0000397b  Task_1                         
000039d1  Task_2                         
000039fb  Task_3                         
00003f65  Temperature_Read               
00001129  TimerA_Capture_PulseWidth      
00003bb9  Turn_OtherDirection            
00003b71  Turn_oneDirection              
00001f6d  WriteDataBIT                   
0000202b  WriteDataBITS                  
20000200  __STACK_END                    
00000200  __STACK_SIZE                   
20000200  __STACK_TOP                    
000048a0  __TI_CINIT_Base                
000048b0  __TI_CINIT_Limit               
0000488c  __TI_Handler_Table_Base        
00004898  __TI_Handler_Table_Limit       
000045d9  __TI_auto_init                 
20000234  __TI_cleanup_ptr               
00004649  __TI_decompress_lzss           
00004835  __TI_decompress_none           
20000238  __TI_dtors_ptr                 
2000023c  __TI_enable_exit_profile_output
ffffffff  __TI_pprof_out_hndl            
ffffffff  __TI_prof_data_size            
ffffffff  __TI_prof_data_start           
00000000  __TI_static_base__             
00004843  __TI_zero_init                 
000047a5  __aeabi_d2uiz                  
00003d4f  __aeabi_dadd                   
00004059  __aeabi_ddiv                   
0000418f  __aeabi_dmul                   
00003d45  __aeabi_dsub                   
0000455d  __aeabi_memclr                 
0000455d  __aeabi_memclr4                
0000455d  __aeabi_memclr8                
00004425  __aeabi_memcpy                 
00004425  __aeabi_memcpy4                
00004425  __aeabi_memcpy8                
0000455f  __aeabi_memset                 
0000455f  __aeabi_memset4                
0000455f  __aeabi_memset8                
000047e9  __aeabi_ui2d                   
ffffffff  __binit__                      
ffffffff  __c_args__                     
00003efb  __mpu_init                     
20000000  __stack                        
00004809  _args_main                     
000046b1  _c_int00                       
00002d8f  _delay_ms                      
00002dd7  _delay_us                      
20000240  _lock                          
0000482f  _nop                           
00004827  _register_lock                 
00004821  _register_unlock               
0000428b  _system_post_cinit             
0000485b  _system_pre_init               
20000244  _unlock                        
00004709  abort                          
ffffffff  binit                          
00003adb  car_Stop                       
00004759  copy_in                        
00004519  create_task                    
2000026a  elapsed_time_S                 
00004711  exit                           
00000000  g_pfnVectors                   
20000208  ldr_left_Read                  
2000020c  ldr_right_Read                 
20000210  ldrs_Difference                
00003a2b  main                           
20000248  main_func_sp                   
00004425  memcpy                         
00004565  memset                         
00003b3d  motors_Init                    
00003cff  move_Backward                  
00003cc9  move_Forward                   
20000200  start_flag                     
20000250  task_Control_Block             
000044c1  tasks_scheduler                
20000204  temperature_Read               
00003bed  turn_Car                       
0000428d  ultraSonic_Init                
00004301  ultraSonic_Read_CM             
20000214  ultraSonic_read                


GLOBAL SYMBOLS: SORTED BY Symbol Address 

address   name                           
-------   ----                           
00000000  __TI_static_base__             
00000000  g_pfnVectors                   
00000200  __STACK_SIZE                   
0000026d  GPTM_capture_read              
00000323  GPTM_Enable                    
00000401  GPTM_Disable                   
00000539  GPTM_Init                      
00000f89  GPTM_TAILR_Value_Loud          
00001065  GPTM_CCP_PinInit               
00001129  TimerA_Capture_PulseWidth      
000015ad  GPTM_PWM_init                  
00001a95  GPTM_PWM_PinInit               
00001c8d  GPTM_PWM_Duty_Cycle            
00001ef1  GPTM_PWM_Freq_KHZ              
00001f6d  WriteDataBIT                   
0000202b  WriteDataBITS                  
000020c1  ClearDataBIT                   
0000215f  ReadDataBIT                    
00002215  DIO_PORT_Init                  
00002349  DIO_InitPin                    
000026e9  DIO_WritePin                   
00002845  DIO_ReadPin                    
00002939  DIO_TogglePin                  
000029f5  DIO_WritePort                  
00002a79  Interrupt_Edge_InitPin         
00002d8f  _delay_ms                      
00002dd7  _delay_us                      
00002e95  ADC_sequencer_EN               
00002f8d  ADC_Read                       
000030e5  ADC_Init                       
00003409  LCD_WriteCommand               
000034d7  LCD_WriteData                  
000035a5  LCD_Init                       
0000365d  LCD_WriteChar                  
0000366d  LCD_WriteString                
0000369d  LCD_WriteNumber                
0000373d  LCD_WriteNumberInBinary        
00003789  LCD_Clear                      
00003793  LCD_SetCursor                  
000037c7  LCD_WriteNumber_4D             
0000383f  LCD_WriteNumber_3D             
00003897  LCD_WriteNumber_2D             
000038ed  Int_Timer0A_Handler            
00003925  GPIOF_Handler                  
0000397b  Task_1                         
000039d1  Task_2                         
000039fb  Task_3                         
00003a2b  main                           
00003a89  LCD_Display                    
00003adb  car_Stop                       
00003b3d  motors_Init                    
00003b71  Turn_oneDirection              
00003bb9  Turn_OtherDirection            
00003bed  turn_Car                       
00003cc9  move_Forward                   
00003cff  move_Backward                  
00003d45  __aeabi_dsub                   
00003d4f  __aeabi_dadd                   
00003efb  __mpu_init                     
00003efd  ADC_Init_Temperature           
00003f65  Temperature_Read               
00003fdd  LDR_Right_Init                 
00003fed  LDR_Left_Init                  
00003ffd  LDR_Right_Read                 
0000400b  LDR_Left_Read                  
00004059  __aeabi_ddiv                   
0000418f  __aeabi_dmul                   
0000428b  _system_post_cinit             
0000428d  ultraSonic_Init                
00004301  ultraSonic_Read_CM             
00004365  SysTick_Init                   
00004397  SysTick_Disable                
000043a3  SysTick_Enable                 
000043af  SysTick_Read_COUNT             
000043bd  SysTick_Read_ms                
000043c3  SysTick_Reload_ms              
00004425  __aeabi_memcpy                 
00004425  __aeabi_memcpy4                
00004425  __aeabi_memcpy8                
00004425  memcpy                         
000044c1  tasks_scheduler                
00004519  create_task                    
0000455d  __aeabi_memclr                 
0000455d  __aeabi_memclr4                
0000455d  __aeabi_memclr8                
0000455f  __aeabi_memset                 
0000455f  __aeabi_memset4                
0000455f  __aeabi_memset8                
00004565  memset                         
000045d9  __TI_auto_init                 
00004649  __TI_decompress_lzss           
000046b1  _c_int00                       
00004705  C$$EXIT                        
00004709  abort                          
00004711  exit                           
00004759  copy_in                        
000047a5  __aeabi_d2uiz                  
000047e9  __aeabi_ui2d                   
00004809  _args_main                     
00004821  _register_unlock               
00004827  _register_lock                 
0000482f  _nop                           
00004835  __TI_decompress_none           
00004843  __TI_zero_init                 
0000484f  ResetISR                       
0000485b  _system_pre_init               
0000488c  __TI_Handler_Table_Base        
00004898  __TI_Handler_Table_Limit       
000048a0  __TI_CINIT_Base                
000048b0  __TI_CINIT_Limit               
20000000  __stack                        
20000200  __STACK_END                    
20000200  __STACK_TOP                    
20000200  start_flag                     
20000204  temperature_Read               
20000208  ldr_left_Read                  
2000020c  ldr_right_Read                 
20000210  ldrs_Difference                
20000214  ultraSonic_read                
20000218  GPTM_EdgeTimer                 
20000226  GPTM_Timer0                    
20000234  __TI_cleanup_ptr               
20000238  __TI_dtors_ptr                 
2000023c  __TI_enable_exit_profile_output
20000240  _lock                          
20000244  _unlock                        
20000248  main_func_sp                   
20000250  task_Control_Block             
2000026a  elapsed_time_S                 
ffffffff  __TI_pprof_out_hndl            
ffffffff  __TI_prof_data_size            
ffffffff  __TI_prof_data_start           
ffffffff  __binit__                      
ffffffff  __c_args__                     
ffffffff  binit                          
UNDEFED   SHT$$INIT_ARRAY$$Base          
UNDEFED   SHT$$INIT_ARRAY$$Limit         

[137 symbols]
