******************************************************************************
                  TI ARM Linker PC v20.2.7                     
******************************************************************************
>> Linked Sun Sep 10 13:12:27 2023

OUTPUT FILE NAME:   <GPT.out>
ENTRY POINT SYMBOL: "_c_int00_noinit_noargs"  address: 000006fd


MEMORY CONFIGURATION

         name            origin    length      used     unused   attr    fill
----------------------  --------  ---------  --------  --------  ----  --------
  FLASH                 00000000   00040000  0000073c  0003f8c4  R  X
  SRAM                  20000000   00008000  00000200  00007e00  RW X


SEGMENT ALLOCATION MAP

run origin  load origin   length   init length attrs members
----------  ----------- ---------- ----------- ----- -------
00000000    00000000    0000073c   0000073c    r-x
  00000000    00000000    0000026c   0000026c    r-- .intvecs
  0000026c    0000026c    000004d0   000004d0    r-x .text
20000000    20000000    00000200   00000000    rw-
  20000000    20000000    00000200   00000000    rw- .stack


SECTION ALLOCATION MAP

 output                                  attributes/
section   page    origin      length       input sections
--------  ----  ----------  ----------   ----------------
.intvecs   0    00000000    0000026c     
                  00000000    0000026c     tm4c123gh6pm_startup_ccs.obj (.intvecs)

.text      0    0000026c    000004d0     
                  0000026c    000003fc     GPIO_Program.obj (.text)
                  00000668    00000050     main.obj (.text)
                  000006b8    00000044     Timer_Program.obj (.text)
                  000006fc    0000002c     rtsv7M4_T_le_v4SPD16_eabi.lib : boot_cortex_m.c.obj (.text:_c_int00_noinit_noargs:_c_int00_noinit_noargs)
                  00000728    0000000c     tm4c123gh6pm_startup_ccs.obj (.text)
                  00000734    00000004     rtsv7M4_T_le_v4SPD16_eabi.lib : pre_init.c.obj (.text:_system_pre_init)
                  00000738    00000004                                   : exit.c.obj (.text:abort:abort)

.cinit     0    00000000    00000000     UNINITIALIZED

.init_array 
*          0    00000000    00000000     UNINITIALIZED

.stack     0    20000000    00000200     UNINITIALIZED
                  20000000    00000004     rtsv7M4_T_le_v4SPD16_eabi.lib : boot_cortex_m.c.obj (.stack)
                  20000004    000001fc     --HOLE--

__llvm_prf_cnts 
*          0    20000000    00000000     UNINITIALIZED

MODULE SUMMARY

       Module                         code   ro data   rw data
       ------                         ----   -------   -------
    .\
       GPIO_Program.obj               1020   0         0      
       tm4c123gh6pm_startup_ccs.obj   12     620       0      
       main.obj                       80     0         0      
       Timer_Program.obj              68     0         0      
    +--+------------------------------+------+---------+---------+
       Total:                         1180   620       0      
                                                              
    C:\ti\ccs1240\ccs\tools\compiler\ti-cgt-arm_20.2.7.LTS\lib\rtsv7M4_T_le_v4SPD16_eabi.lib
       boot_cortex_m.c.obj            44     0         0      
       exit.c.obj                     4      0         0      
       pre_init.c.obj                 4      0         0      
    +--+------------------------------+------+---------+---------+
       Total:                         52     0         0      
                                                              
       Stack:                         0      0         512    
    +--+------------------------------+------+---------+---------+
       Grand Total:                   1232   620       512    


GLOBAL SYMBOLS: SORTED ALPHABETICALLY BY Name 

address   name                     
-------   ----                     
00000739  C$$EXIT                  
000005dd  GPIO_u8GetPinValue       
00000595  GPIO_u8GetPortValue      
000004d9  GPIO_voidSetPinDirection 
00000491  GPIO_voidSetPinPullDown  
00000455  GPIO_voidSetPinPullUp    
000003af  GPIO_voidSetPinValue     
0000033d  GPIO_voidSetPortDirection
0000033b  GPIO_voidSetPortPullDown 
00000339  GPIO_voidSetPortPullUp   
00000307  GPIO_voidSetPortValue    
000002cb  GPIO_voidTogglePinValue  
0000026d  GPIO_void_Init           
0000069d  Intimer0fHandler         
00000729  ResetISR                 
000006b9  Timer_voidInit           
20000200  __STACK_END              
00000200  __STACK_SIZE             
20000200  __STACK_TOP              
ffffffff  __TI_pprof_out_hndl      
ffffffff  __TI_prof_data_size      
ffffffff  __TI_prof_data_start     
00000000  __TI_static_base__       
ffffffff  __binit__                
ffffffff  __c_args__               
UNDEFED   __mpu_init               
20000000  __stack                  
20000000  __start___llvm_prf_cnts  
20000000  __stop___llvm_prf_cnts   
000006fd  _c_int00_noinit_noargs   
00000735  _system_pre_init         
00000739  abort                    
ffffffff  binit                    
00000000  g_pfnVectors             
0000066b  main                     


GLOBAL SYMBOLS: SORTED BY Symbol Address 

address   name                     
-------   ----                     
00000000  __TI_static_base__       
00000000  g_pfnVectors             
00000200  __STACK_SIZE             
0000026d  GPIO_void_Init           
000002cb  GPIO_voidTogglePinValue  
00000307  GPIO_voidSetPortValue    
00000339  GPIO_voidSetPortPullUp   
0000033b  GPIO_voidSetPortPullDown 
0000033d  GPIO_voidSetPortDirection
000003af  GPIO_voidSetPinValue     
00000455  GPIO_voidSetPinPullUp    
00000491  GPIO_voidSetPinPullDown  
000004d9  GPIO_voidSetPinDirection 
00000595  GPIO_u8GetPortValue      
000005dd  GPIO_u8GetPinValue       
0000066b  main                     
0000069d  Intimer0fHandler         
000006b9  Timer_voidInit           
000006fd  _c_int00_noinit_noargs   
00000729  ResetISR                 
00000735  _system_pre_init         
00000739  C$$EXIT                  
00000739  abort                    
20000000  __stack                  
20000000  __start___llvm_prf_cnts  
20000000  __stop___llvm_prf_cnts   
20000200  __STACK_END              
20000200  __STACK_TOP              
ffffffff  __TI_pprof_out_hndl      
ffffffff  __TI_prof_data_size      
ffffffff  __TI_prof_data_start     
ffffffff  __binit__                
ffffffff  __c_args__               
ffffffff  binit                    
UNDEFED   __mpu_init               

[35 symbols]
